2025-10-12 19:29:13,033 - __main__ - INFO - 🏆 Nobel Simple System initialized
2025-10-12 19:29:13,033 - __main__ - INFO - 🚀 Initializing Nobel Simple System...
2025-10-12 19:29:13,049 - __main__ - INFO - ✅ Database initialized
2025-10-12 19:29:13,053 - __main__ - INFO - ✅ BYBIT initialized
2025-10-12 19:29:13,053 - __main__ - INFO - ✅ 1 exchanges initialized
2025-10-12 19:29:13,053 - __main__ - INFO - ✅ Nobel Simple System initialized successfully
2025-10-12 19:29:13,053 - __main__ - INFO - 🏆 Nobel Simple System ready to dominate markets!
2025-10-12 19:29:13,053 - __main__ - INFO - 🚀 Starting Nobel Simple Trading System...
2025-10-12 19:29:13,053 - __main__ - ERROR - Main trading cycle error: 'NobelSimpleSystem' object has no attribute 'generate_trading_signals'
2025-10-12 19:29:13,167 - __main__ - WARNING - Error collecting data from bybit: bybit GET https://api-testnet.bybit.com/v5/asset/coin/query-info? 403 Forbidden <!DOCTYPE HTML PUBLIC "-//W3C//DTD HTML 4.01 Transitional//EN" "http://www.w3.org/TR/html4/loose.dtd">
<HTML><HEAD><META HTTP-EQUIV="Content-Type" CONTENT="text/html; charset=iso-8859-1">
<TITLE>ERROR: The request could not be satisfied</TITLE>
</HEAD><BODY>
<H1>403 ERROR</H1>
<H2>The request could not be satisfied.</H2>
<HR noshade size="1px">
The Amazon CloudFront distribution is configured to block access from your country.
We can't connect to the server for this app or website at this time. There might be too much traffic or a configuration error. Try again later, or contact the app or website owner.
<BR clear="all">
If you provide content to customers through CloudFront, you can find steps to troubleshoot and help prevent this error by reviewing the CloudFront documentation.
<BR clear="all">
<HR noshade size="1px">
<PRE>
Generated by cloudfront (CloudFront)
Request ID: M34G8XwFqoSqRSXGVZHRWEtTfMn4qSrzyK30j1iBs_e61EE2E11eAg==
</PRE>
<ADDRESS>
</ADDRESS>
</BODY></HTML>
2025-10-12 19:29:13,621 - __main__ - WARNING - Error fetching data from bybit: bybit GET https://api-testnet.bybit.com/v5/asset/coin/query-info? 403 Forbidden <!DOCTYPE HTML PUBLIC "-//W3C//DTD HTML 4.01 Transitional//EN" "http://www.w3.org/TR/html4/loose.dtd">
<HTML><HEAD><META HTTP-EQUIV="Content-Type" CONTENT="text/html; charset=iso-8859-1">
<TITLE>ERROR: The request could not be satisfied</TITLE>
</HEAD><BODY>
<H1>403 ERROR</H1>
<H2>The request could not be satisfied.</H2>
<HR noshade size="1px">
The Amazon CloudFront distribution is configured to block access from your country.
We can't connect to the server for this app or website at this time. There might be too much traffic or a configuration error. Try again later, or contact the app or website owner.
<BR clear="all">
If you provide content to customers through CloudFront, you can find steps to troubleshoot and help prevent this error by reviewing the CloudFront documentation.
<BR clear="all">
<HR noshade size="1px">
<PRE>
Generated by cloudfront (CloudFront)
Request ID: GhErtH45bHAIDvQwi6MLNE3O_ubKC7A5ApY_oP71xfzMtf46HfUbAg==
</PRE>
<ADDRESS>
</ADDRESS>
</BODY></HTML>
2025-10-12 19:29:14,182 - __main__ - WARNING - Error fetching data from bybit: bybit GET https://api-testnet.bybit.com/v5/asset/coin/query-info? 403 Forbidden <!DOCTYPE HTML PUBLIC "-//W3C//DTD HTML 4.01 Transitional//EN" "http://www.w3.org/TR/html4/loose.dtd">
<HTML><HEAD><META HTTP-EQUIV="Content-Type" CONTENT="text/html; charset=iso-8859-1">
<TITLE>ERROR: The request could not be satisfied</TITLE>
</HEAD><BODY>
<H1>403 ERROR</H1>
<H2>The request could not be satisfied.</H2>
<HR noshade size="1px">
The Amazon CloudFront distribution is configured to block access from your country.
We can't connect to the server for this app or website at this time. There might be too much traffic or a configuration error. Try again later, or contact the app or website owner.
<BR clear="all">
If you provide content to customers through CloudFront, you can find steps to troubleshoot and help prevent this error by reviewing the CloudFront documentation.
<BR clear="all">
<HR noshade size="1px">
<PRE>
Generated by cloudfront (CloudFront)
Request ID: 9k8eN2bzJtU3wtMG3AP_Jisrj2ed13Oxpvcm6_SMxxtL7vmj0R56qA==
</PRE>
<ADDRESS>
</ADDRESS>
</BODY></HTML>
2025-10-12 19:29:14,743 - __main__ - WARNING - Error fetching data from bybit: bybit GET https://api-testnet.bybit.com/v5/asset/coin/query-info? 403 Forbidden <!DOCTYPE HTML PUBLIC "-//W3C//DTD HTML 4.01 Transitional//EN" "http://www.w3.org/TR/html4/loose.dtd">
<HTML><HEAD><META HTTP-EQUIV="Content-Type" CONTENT="text/html; charset=iso-8859-1">
<TITLE>ERROR: The request could not be satisfied</TITLE>
</HEAD><BODY>
<H1>403 ERROR</H1>
<H2>The request could not be satisfied.</H2>
<HR noshade size="1px">
The Amazon CloudFront distribution is configured to block access from your country.
We can't connect to the server for this app or website at this time. There might be too much traffic or a configuration error. Try again later, or contact the app or website owner.
<BR clear="all">
If you provide content to customers through CloudFront, you can find steps to troubleshoot and help prevent this error by reviewing the CloudFront documentation.
<BR clear="all">
<HR noshade size="1px">
<PRE>
Generated by cloudfront (CloudFront)
Request ID: 57pB5ylaPaqNvEnW9dPZ6FvAYUTyI3sU1XdjdjBcYekCmQQ_YMYoPQ==
</PRE>
<ADDRESS>
</ADDRESS>
</BODY></HTML>
2025-10-12 19:29:15,302 - __main__ - WARNING - Error fetching data from bybit: bybit GET https://api-testnet.bybit.com/v5/asset/coin/query-info? 403 Forbidden <!DOCTYPE HTML PUBLIC "-//W3C//DTD HTML 4.01 Transitional//EN" "http://www.w3.org/TR/html4/loose.dtd">
<HTML><HEAD><META HTTP-EQUIV="Content-Type" CONTENT="text/html; charset=iso-8859-1">
<TITLE>ERROR: The request could not be satisfied</TITLE>
</HEAD><BODY>
<H1>403 ERROR</H1>
<H2>The request could not be satisfied.</H2>
<HR noshade size="1px">
The Amazon CloudFront distribution is configured to block access from your country.
We can't connect to the server for this app or website at this time. There might be too much traffic or a configuration error. Try again later, or contact the app or website owner.
<BR clear="all">
If you provide content to customers through CloudFront, you can find steps to troubleshoot and help prevent this error by reviewing the CloudFront documentation.
<BR clear="all">
<HR noshade size="1px">
<PRE>
Generated by cloudfront (CloudFront)
Request ID: dy5xL-mBXVbw8zecNh3jpi7yVSIGNONgumTm47zCQwhdP4uvrhbzCg==
</PRE>
<ADDRESS>
</ADDRESS>
</BODY></HTML>
2025-10-12 19:29:15,863 - __main__ - WARNING - Error fetching data from bybit: bybit GET https://api-testnet.bybit.com/v5/asset/coin/query-info? 403 Forbidden <!DOCTYPE HTML PUBLIC "-//W3C//DTD HTML 4.01 Transitional//EN" "http://www.w3.org/TR/html4/loose.dtd">
<HTML><HEAD><META HTTP-EQUIV="Content-Type" CONTENT="text/html; charset=iso-8859-1">
<TITLE>ERROR: The request could not be satisfied</TITLE>
</HEAD><BODY>
<H1>403 ERROR</H1>
<H2>The request could not be satisfied.</H2>
<HR noshade size="1px">
The Amazon CloudFront distribution is configured to block access from your country.
We can't connect to the server for this app or website at this time. There might be too much traffic or a configuration error. Try again later, or contact the app or website owner.
<BR clear="all">
If you provide content to customers through CloudFront, you can find steps to troubleshoot and help prevent this error by reviewing the CloudFront documentation.
<BR clear="all">
<HR noshade size="1px">
<PRE>
Generated by cloudfront (CloudFront)
Request ID: WLoz-NQwUvx_xHIVdgbNlF8G-RUd7Sh8lzYlr6ybuP3SSgV8j0ubFg==
</PRE>
<ADDRESS>
</ADDRESS>
</BODY></HTML>
2025-10-12 19:29:16,422 - __main__ - WARNING - Error fetching data from bybit: bybit GET https://api-testnet.bybit.com/v5/asset/coin/query-info? 403 Forbidden <!DOCTYPE HTML PUBLIC "-//W3C//DTD HTML 4.01 Transitional//EN" "http://www.w3.org/TR/html4/loose.dtd">
<HTML><HEAD><META HTTP-EQUIV="Content-Type" CONTENT="text/html; charset=iso-8859-1">
<TITLE>ERROR: The request could not be satisfied</TITLE>
</HEAD><BODY>
<H1>403 ERROR</H1>
<H2>The request could not be satisfied.</H2>
<HR noshade size="1px">
The Amazon CloudFront distribution is configured to block access from your country.
We can't connect to the server for this app or website at this time. There might be too much traffic or a configuration error. Try again later, or contact the app or website owner.
<BR clear="all">
If you provide content to customers through CloudFront, you can find steps to troubleshoot and help prevent this error by reviewing the CloudFront documentation.
<BR clear="all">
<HR noshade size="1px">
<PRE>
Generated by cloudfront (CloudFront)
Request ID: GwGCC44n-t3uQVzLqAvYer8Ou4QRd5OobjreB7rP6JGE99ZWF9M3Yg==
</PRE>
<ADDRESS>
</ADDRESS>
</BODY></HTML>
2025-10-12 19:29:16,982 - __main__ - WARNING - Error fetching data from bybit: bybit GET https://api-testnet.bybit.com/v5/asset/coin/query-info? 403 Forbidden <!DOCTYPE HTML PUBLIC "-//W3C//DTD HTML 4.01 Transitional//EN" "http://www.w3.org/TR/html4/loose.dtd">
<HTML><HEAD><META HTTP-EQUIV="Content-Type" CONTENT="text/html; charset=iso-8859-1">
<TITLE>ERROR: The request could not be satisfied</TITLE>
</HEAD><BODY>
<H1>403 ERROR</H1>
<H2>The request could not be satisfied.</H2>
<HR noshade size="1px">
The Amazon CloudFront distribution is configured to block access from your country.
We can't connect to the server for this app or website at this time. There might be too much traffic or a configuration error. Try again later, or contact the app or website owner.
<BR clear="all">
If you provide content to customers through CloudFront, you can find steps to troubleshoot and help prevent this error by reviewing the CloudFront documentation.
<BR clear="all">
<HR noshade size="1px">
<PRE>
Generated by cloudfront (CloudFront)
Request ID: l2wMhGwYcfTDWGZUCtVLYob2Z40pN8qQxaH8DrFfWk4qNMSY3xnkLA==
</PRE>
<ADDRESS>
</ADDRESS>
</BODY></HTML>
2025-10-12 19:29:17,542 - __main__ - WARNING - Error fetching data from bybit: bybit GET https://api-testnet.bybit.com/v5/asset/coin/query-info? 403 Forbidden <!DOCTYPE HTML PUBLIC "-//W3C//DTD HTML 4.01 Transitional//EN" "http://www.w3.org/TR/html4/loose.dtd">
<HTML><HEAD><META HTTP-EQUIV="Content-Type" CONTENT="text/html; charset=iso-8859-1">
<TITLE>ERROR: The request could not be satisfied</TITLE>
</HEAD><BODY>
<H1>403 ERROR</H1>
<H2>The request could not be satisfied.</H2>
<HR noshade size="1px">
The Amazon CloudFront distribution is configured to block access from your country.
We can't connect to the server for this app or website at this time. There might be too much traffic or a configuration error. Try again later, or contact the app or website owner.
<BR clear="all">
If you provide content to customers through CloudFront, you can find steps to troubleshoot and help prevent this error by reviewing the CloudFront documentation.
<BR clear="all">
<HR noshade size="1px">
<PRE>
Generated by cloudfront (CloudFront)
Request ID: nzxF4a6pX1RcmeJX_LrUDowFUfhi13tv-J0nFQ2_keIMjMOk1m1Rpg==
</PRE>
<ADDRESS>
</ADDRESS>
</BODY></HTML>
2025-10-12 19:29:18,102 - __main__ - WARNING - Error fetching data from bybit: bybit GET https://api-testnet.bybit.com/v5/asset/coin/query-info? 403 Forbidden <!DOCTYPE HTML PUBLIC "-//W3C//DTD HTML 4.01 Transitional//EN" "http://www.w3.org/TR/html4/loose.dtd">
<HTML><HEAD><META HTTP-EQUIV="Content-Type" CONTENT="text/html; charset=iso-8859-1">
<TITLE>ERROR: The request could not be satisfied</TITLE>
</HEAD><BODY>
<H1>403 ERROR</H1>
<H2>The request could not be satisfied.</H2>
<HR noshade size="1px">
The Amazon CloudFront distribution is configured to block access from your country.
We can't connect to the server for this app or website at this time. There might be too much traffic or a configuration error. Try again later, or contact the app or website owner.
<BR clear="all">
If you provide content to customers through CloudFront, you can find steps to troubleshoot and help prevent this error by reviewing the CloudFront documentation.
<BR clear="all">
<HR noshade size="1px">
<PRE>
Generated by cloudfront (CloudFront)
Request ID: xOYz6lqDyw9RpNn76MlBxuSCnndd5qUaKKg8HuxzuErbaMgu_1bLEA==
</PRE>
<ADDRESS>
</ADDRESS>
</BODY></HTML>
2025-10-12 19:29:18,664 - __main__ - WARNING - Error fetching data from bybit: bybit GET https://api-testnet.bybit.com/v5/asset/coin/query-info? 403 Forbidden <!DOCTYPE HTML PUBLIC "-//W3C//DTD HTML 4.01 Transitional//EN" "http://www.w3.org/TR/html4/loose.dtd">
<HTML><HEAD><META HTTP-EQUIV="Content-Type" CONTENT="text/html; charset=iso-8859-1">
<TITLE>ERROR: The request could not be satisfied</TITLE>
</HEAD><BODY>
<H1>403 ERROR</H1>
<H2>The request could not be satisfied.</H2>
<HR noshade size="1px">
The Amazon CloudFront distribution is configured to block access from your country.
We can't connect to the server for this app or website at this time. There might be too much traffic or a configuration error. Try again later, or contact the app or website owner.
<BR clear="all">
If you provide content to customers through CloudFront, you can find steps to troubleshoot and help prevent this error by reviewing the CloudFront documentation.
<BR clear="all">
<HR noshade size="1px">
<PRE>
Generated by cloudfront (CloudFront)
Request ID: RdDwI83q5kLr-1KmqyQsivi3OUcdUk0FmZyRft5NPHyM2LyFlEh7WA==
</PRE>
<ADDRESS>
</ADDRESS>
</BODY></HTML>
2025-10-12 19:29:19,224 - __main__ - WARNING - Error fetching data from bybit: bybit GET https://api-testnet.bybit.com/v5/asset/coin/query-info? 403 Forbidden <!DOCTYPE HTML PUBLIC "-//W3C//DTD HTML 4.01 Transitional//EN" "http://www.w3.org/TR/html4/loose.dtd">
<HTML><HEAD><META HTTP-EQUIV="Content-Type" CONTENT="text/html; charset=iso-8859-1">
<TITLE>ERROR: The request could not be satisfied</TITLE>
</HEAD><BODY>
<H1>403 ERROR</H1>
<H2>The request could not be satisfied.</H2>
<HR noshade size="1px">
The Amazon CloudFront distribution is configured to block access from your country.
We can't connect to the server for this app or website at this time. There might be too much traffic or a configuration error. Try again later, or contact the app or website owner.
<BR clear="all">
If you provide content to customers through CloudFront, you can find steps to troubleshoot and help prevent this error by reviewing the CloudFront documentation.
<BR clear="all">
<HR noshade size="1px">
<PRE>
Generated by cloudfront (CloudFront)
Request ID: 2Z7qtcYryJQqt9OVdJYUsi_RB89BsJkriogG8tj9bmaGOo5dtTFcpw==
</PRE>
<ADDRESS>
</ADDRESS>
</BODY></HTML>
2025-10-12 19:29:19,785 - __main__ - WARNING - Error fetching data from bybit: bybit GET https://api-testnet.bybit.com/v5/asset/coin/query-info? 403 Forbidden <!DOCTYPE HTML PUBLIC "-//W3C//DTD HTML 4.01 Transitional//EN" "http://www.w3.org/TR/html4/loose.dtd">
<HTML><HEAD><META HTTP-EQUIV="Content-Type" CONTENT="text/html; charset=iso-8859-1">
<TITLE>ERROR: The request could not be satisfied</TITLE>
</HEAD><BODY>
<H1>403 ERROR</H1>
<H2>The request could not be satisfied.</H2>
<HR noshade size="1px">
The Amazon CloudFront distribution is configured to block access from your country.
We can't connect to the server for this app or website at this time. There might be too much traffic or a configuration error. Try again later, or contact the app or website owner.
<BR clear="all">
If you provide content to customers through CloudFront, you can find steps to troubleshoot and help prevent this error by reviewing the CloudFront documentation.
<BR clear="all">
<HR noshade size="1px">
<PRE>
Generated by cloudfront (CloudFront)
Request ID: sKksfX11TLr51Aa2KawQ4SmHTlyXMbgLL_4RAv_C5V7QXHI7KOxntg==
</PRE>
<ADDRESS>
</ADDRESS>
</BODY></HTML>
2025-10-12 19:29:20,345 - __main__ - WARNING - Error fetching data from bybit: bybit GET https://api-testnet.bybit.com/v5/asset/coin/query-info? 403 Forbidden <!DOCTYPE HTML PUBLIC "-//W3C//DTD HTML 4.01 Transitional//EN" "http://www.w3.org/TR/html4/loose.dtd">
<HTML><HEAD><META HTTP-EQUIV="Content-Type" CONTENT="text/html; charset=iso-8859-1">
<TITLE>ERROR: The request could not be satisfied</TITLE>
</HEAD><BODY>
<H1>403 ERROR</H1>
<H2>The request could not be satisfied.</H2>
<HR noshade size="1px">
The Amazon CloudFront distribution is configured to block access from your country.
We can't connect to the server for this app or website at this time. There might be too much traffic or a configuration error. Try again later, or contact the app or website owner.
<BR clear="all">
If you provide content to customers through CloudFront, you can find steps to troubleshoot and help prevent this error by reviewing the CloudFront documentation.
<BR clear="all">
<HR noshade size="1px">
<PRE>
Generated by cloudfront (CloudFront)
Request ID: zmfAC_acHHTiMm-eTSRMuezQe2lXUYMP5ImGQMfo7OMnlXw5Qw4ybQ==
</PRE>
<ADDRESS>
</ADDRESS>
</BODY></HTML>
2025-10-12 19:29:20,905 - __main__ - WARNING - Error fetching data from bybit: bybit GET https://api-testnet.bybit.com/v5/asset/coin/query-info? 403 Forbidden <!DOCTYPE HTML PUBLIC "-//W3C//DTD HTML 4.01 Transitional//EN" "http://www.w3.org/TR/html4/loose.dtd">
<HTML><HEAD><META HTTP-EQUIV="Content-Type" CONTENT="text/html; charset=iso-8859-1">
<TITLE>ERROR: The request could not be satisfied</TITLE>
</HEAD><BODY>
<H1>403 ERROR</H1>
<H2>The request could not be satisfied.</H2>
<HR noshade size="1px">
The Amazon CloudFront distribution is configured to block access from your country.
We can't connect to the server for this app or website at this time. There might be too much traffic or a configuration error. Try again later, or contact the app or website owner.
<BR clear="all">
If you provide content to customers through CloudFront, you can find steps to troubleshoot and help prevent this error by reviewing the CloudFront documentation.
<BR clear="all">
<HR noshade size="1px">
<PRE>
Generated by cloudfront (CloudFront)
Request ID: sNGo47A9Cfkb55SgxYjHUQSOcNM3Nbm_e3_fOucL1RYtgCmHoQU9Dg==
</PRE>
<ADDRESS>
</ADDRESS>
</BODY></HTML>
2025-10-12 19:29:21,465 - __main__ - WARNING - Error fetching data from bybit: bybit GET https://api-testnet.bybit.com/v5/asset/coin/query-info? 403 Forbidden <!DOCTYPE HTML PUBLIC "-//W3C//DTD HTML 4.01 Transitional//EN" "http://www.w3.org/TR/html4/loose.dtd">
<HTML><HEAD><META HTTP-EQUIV="Content-Type" CONTENT="text/html; charset=iso-8859-1">
<TITLE>ERROR: The request could not be satisfied</TITLE>
</HEAD><BODY>
<H1>403 ERROR</H1>
<H2>The request could not be satisfied.</H2>
<HR noshade size="1px">
The Amazon CloudFront distribution is configured to block access from your country.
We can't connect to the server for this app or website at this time. There might be too much traffic or a configuration error. Try again later, or contact the app or website owner.
<BR clear="all">
If you provide content to customers through CloudFront, you can find steps to troubleshoot and help prevent this error by reviewing the CloudFront documentation.
<BR clear="all">
<HR noshade size="1px">
<PRE>
Generated by cloudfront (CloudFront)
Request ID: nvK9R7nXGUf0JOiX6NHC_w4seEH_y5KLO2_JtO8zosOB0i1mKG07rw==
</PRE>
<ADDRESS>
</ADDRESS>
</BODY></HTML>
2025-10-12 19:29:22,025 - __main__ - WARNING - Error fetching data from bybit: bybit GET https://api-testnet.bybit.com/v5/asset/coin/query-info? 403 Forbidden <!DOCTYPE HTML PUBLIC "-//W3C//DTD HTML 4.01 Transitional//EN" "http://www.w3.org/TR/html4/loose.dtd">
<HTML><HEAD><META HTTP-EQUIV="Content-Type" CONTENT="text/html; charset=iso-8859-1">
<TITLE>ERROR: The request could not be satisfied</TITLE>
</HEAD><BODY>
<H1>403 ERROR</H1>
<H2>The request could not be satisfied.</H2>
<HR noshade size="1px">
The Amazon CloudFront distribution is configured to block access from your country.
We can't connect to the server for this app or website at this time. There might be too much traffic or a configuration error. Try again later, or contact the app or website owner.
<BR clear="all">
If you provide content to customers through CloudFront, you can find steps to troubleshoot and help prevent this error by reviewing the CloudFront documentation.
<BR clear="all">
<HR noshade size="1px">
<PRE>
Generated by cloudfront (CloudFront)
Request ID: xTwUyCypW4_GZ-jK1adgX9Xsf3Vr1FrYAAO5d59QBrbN6kbxXrMszA==
</PRE>
<ADDRESS>
</ADDRESS>
</BODY></HTML>
2025-10-12 19:29:22,585 - __main__ - WARNING - Error fetching data from bybit: bybit GET https://api-testnet.bybit.com/v5/asset/coin/query-info? 403 Forbidden <!DOCTYPE HTML PUBLIC "-//W3C//DTD HTML 4.01 Transitional//EN" "http://www.w3.org/TR/html4/loose.dtd">
<HTML><HEAD><META HTTP-EQUIV="Content-Type" CONTENT="text/html; charset=iso-8859-1">
<TITLE>ERROR: The request could not be satisfied</TITLE>
</HEAD><BODY>
<H1>403 ERROR</H1>
<H2>The request could not be satisfied.</H2>
<HR noshade size="1px">
The Amazon CloudFront distribution is configured to block access from your country.
We can't connect to the server for this app or website at this time. There might be too much traffic or a configuration error. Try again later, or contact the app or website owner.
<BR clear="all">
If you provide content to customers through CloudFront, you can find steps to troubleshoot and help prevent this error by reviewing the CloudFront documentation.
<BR clear="all">
<HR noshade size="1px">
<PRE>
Generated by cloudfront (CloudFront)
Request ID: OG-eRrbSf6RMSLS_BvbiKLhgto0eldIqKMsCl3DGXzFemYYNCGTk0g==
</PRE>
<ADDRESS>
</ADDRESS>
</BODY></HTML>
2025-10-12 19:29:23,145 - __main__ - WARNING - Error fetching data from bybit: bybit GET https://api-testnet.bybit.com/v5/asset/coin/query-info? 403 Forbidden <!DOCTYPE HTML PUBLIC "-//W3C//DTD HTML 4.01 Transitional//EN" "http://www.w3.org/TR/html4/loose.dtd">
<HTML><HEAD><META HTTP-EQUIV="Content-Type" CONTENT="text/html; charset=iso-8859-1">
<TITLE>ERROR: The request could not be satisfied</TITLE>
</HEAD><BODY>
<H1>403 ERROR</H1>
<H2>The request could not be satisfied.</H2>
<HR noshade size="1px">
The Amazon CloudFront distribution is configured to block access from your country.
We can't connect to the server for this app or website at this time. There might be too much traffic or a configuration error. Try again later, or contact the app or website owner.
<BR clear="all">
If you provide content to customers through CloudFront, you can find steps to troubleshoot and help prevent this error by reviewing the CloudFront documentation.
<BR clear="all">
<HR noshade size="1px">
<PRE>
Generated by cloudfront (CloudFront)
Request ID: eix3-xfnyXTeFrOof63QH6FZs_ruKFJeBIlvclim8cErcZYoflry8w==
</PRE>
<ADDRESS>
</ADDRESS>
</BODY></HTML>
2025-10-12 19:29:23,149 - __main__ - ERROR - Main trading cycle error: 'NobelSimpleSystem' object has no attribute 'generate_trading_signals'
2025-10-12 19:29:23,705 - __main__ - WARNING - Error collecting data from bybit: bybit GET https://api-testnet.bybit.com/v5/asset/coin/query-info? 403 Forbidden <!DOCTYPE HTML PUBLIC "-//W3C//DTD HTML 4.01 Transitional//EN" "http://www.w3.org/TR/html4/loose.dtd">
<HTML><HEAD><META HTTP-EQUIV="Content-Type" CONTENT="text/html; charset=iso-8859-1">
<TITLE>ERROR: The request could not be satisfied</TITLE>
</HEAD><BODY>
<H1>403 ERROR</H1>
<H2>The request could not be satisfied.</H2>
<HR noshade size="1px">
The Amazon CloudFront distribution is configured to block access from your country.
We can't connect to the server for this app or website at this time. There might be too much traffic or a configuration error. Try again later, or contact the app or website owner.
<BR clear="all">
If you provide content to customers through CloudFront, you can find steps to troubleshoot and help prevent this error by reviewing the CloudFront documentation.
<BR clear="all">
<HR noshade size="1px">
<PRE>
Generated by cloudfront (CloudFront)
Request ID: xqC-tYuA_3E8k6g-Jq3qu_jtg3llSW3CHYkNMAATavUrL_ud20BI7A==
</PRE>
<ADDRESS>
</ADDRESS>
</BODY></HTML>
2025-10-12 19:29:28,151 - __main__ - ERROR - Main trading cycle error: 'NobelSimpleSystem' object has no attribute 'generate_trading_signals'
2025-10-12 19:29:33,156 - __main__ - ERROR - Main trading cycle error: 'NobelSimpleSystem' object has no attribute 'generate_trading_signals'
2025-10-12 19:29:33,716 - __main__ - WARNING - Error collecting data from bybit: bybit GET https://api-testnet.bybit.com/v5/asset/coin/query-info? 403 Forbidden <!DOCTYPE HTML PUBLIC "-//W3C//DTD HTML 4.01 Transitional//EN" "http://www.w3.org/TR/html4/loose.dtd">
<HTML><HEAD><META HTTP-EQUIV="Content-Type" CONTENT="text/html; charset=iso-8859-1">
<TITLE>ERROR: The request could not be satisfied</TITLE>
</HEAD><BODY>
<H1>403 ERROR</H1>
<H2>The request could not be satisfied.</H2>
<HR noshade size="1px">
The Amazon CloudFront distribution is configured to block access from your country.
We can't connect to the server for this app or website at this time. There might be too much traffic or a configuration error. Try again later, or contact the app or website owner.
<BR clear="all">
If you provide content to customers through CloudFront, you can find steps to troubleshoot and help prevent this error by reviewing the CloudFront documentation.
<BR clear="all">
<HR noshade size="1px">
<PRE>
Generated by cloudfront (CloudFront)
Request ID: U7ClS1gB9hyFiJinj-AhTPLHKxZtUEqihWuMdblS_WKKb5_6xVCT3w==
</PRE>
<ADDRESS>
</ADDRESS>
</BODY></HTML>
2025-10-12 19:29:38,159 - __main__ - WARNING - Error fetching data from bybit: bybit GET https://api-testnet.bybit.com/v5/asset/coin/query-info? 403 Forbidden <!DOCTYPE HTML PUBLIC "-//W3C//DTD HTML 4.01 Transitional//EN" "http://www.w3.org/TR/html4/loose.dtd">
<HTML><HEAD><META HTTP-EQUIV="Content-Type" CONTENT="text/html; charset=iso-8859-1">
<TITLE>ERROR: The request could not be satisfied</TITLE>
</HEAD><BODY>
<H1>403 ERROR</H1>
<H2>The request could not be satisfied.</H2>
<HR noshade size="1px">
The Amazon CloudFront distribution is configured to block access from your country.
We can't connect to the server for this app or website at this time. There might be too much traffic or a configuration error. Try again later, or contact the app or website owner.
<BR clear="all">
If you provide content to customers through CloudFront, you can find steps to troubleshoot and help prevent this error by reviewing the CloudFront documentation.
<BR clear="all">
<HR noshade size="1px">
<PRE>
Generated by cloudfront (CloudFront)
Request ID: 7TlBuDqInjd9t0abWeKlHb7KLaHeGFM_Bkpkx3nW2vUYGk9t21JrdQ==
</PRE>
<ADDRESS>
</ADDRESS>
</BODY></HTML>
2025-10-12 19:29:38,720 - __main__ - WARNING - Error fetching data from bybit: bybit GET https://api-testnet.bybit.com/v5/asset/coin/query-info? 403 Forbidden <!DOCTYPE HTML PUBLIC "-//W3C//DTD HTML 4.01 Transitional//EN" "http://www.w3.org/TR/html4/loose.dtd">
<HTML><HEAD><META HTTP-EQUIV="Content-Type" CONTENT="text/html; charset=iso-8859-1">
<TITLE>ERROR: The request could not be satisfied</TITLE>
</HEAD><BODY>
<H1>403 ERROR</H1>
<H2>The request could not be satisfied.</H2>
<HR noshade size="1px">
The Amazon CloudFront distribution is configured to block access from your country.
We can't connect to the server for this app or website at this time. There might be too much traffic or a configuration error. Try again later, or contact the app or website owner.
<BR clear="all">
If you provide content to customers through CloudFront, you can find steps to troubleshoot and help prevent this error by reviewing the CloudFront documentation.
<BR clear="all">
<HR noshade size="1px">
<PRE>
Generated by cloudfront (CloudFront)
Request ID: h6AUfA7Tj36UtdygxdExKM_7ersPTqO36ApDoFh3C3Bb8n1u1b2daQ==
</PRE>
<ADDRESS>
</ADDRESS>
</BODY></HTML>
2025-10-12 19:29:39,280 - __main__ - WARNING - Error fetching data from bybit: bybit GET https://api-testnet.bybit.com/v5/asset/coin/query-info? 403 Forbidden <!DOCTYPE HTML PUBLIC "-//W3C//DTD HTML 4.01 Transitional//EN" "http://www.w3.org/TR/html4/loose.dtd">
<HTML><HEAD><META HTTP-EQUIV="Content-Type" CONTENT="text/html; charset=iso-8859-1">
<TITLE>ERROR: The request could not be satisfied</TITLE>
</HEAD><BODY>
<H1>403 ERROR</H1>
<H2>The request could not be satisfied.</H2>
<HR noshade size="1px">
The Amazon CloudFront distribution is configured to block access from your country.
We can't connect to the server for this app or website at this time. There might be too much traffic or a configuration error. Try again later, or contact the app or website owner.
<BR clear="all">
If you provide content to customers through CloudFront, you can find steps to troubleshoot and help prevent this error by reviewing the CloudFront documentation.
<BR clear="all">
<HR noshade size="1px">
<PRE>
Generated by cloudfront (CloudFront)
Request ID: dAEhmCxYPrhK5lmSLyVhMrhSgopu4FhXLVWM9dPmAjHlBxNwILIVgA==
</PRE>
<ADDRESS>
</ADDRESS>
</BODY></HTML>
2025-10-12 19:29:39,841 - __main__ - WARNING - Error fetching data from bybit: bybit GET https://api-testnet.bybit.com/v5/asset/coin/query-info? 403 Forbidden <!DOCTYPE HTML PUBLIC "-//W3C//DTD HTML 4.01 Transitional//EN" "http://www.w3.org/TR/html4/loose.dtd">
<HTML><HEAD><META HTTP-EQUIV="Content-Type" CONTENT="text/html; charset=iso-8859-1">
<TITLE>ERROR: The request could not be satisfied</TITLE>
</HEAD><BODY>
<H1>403 ERROR</H1>
<H2>The request could not be satisfied.</H2>
<HR noshade size="1px">
The Amazon CloudFront distribution is configured to block access from your country.
We can't connect to the server for this app or website at this time. There might be too much traffic or a configuration error. Try again later, or contact the app or website owner.
<BR clear="all">
If you provide content to customers through CloudFront, you can find steps to troubleshoot and help prevent this error by reviewing the CloudFront documentation.
<BR clear="all">
<HR noshade size="1px">
<PRE>
Generated by cloudfront (CloudFront)
Request ID: VuG0_yyjoZ8Fiqtgjdf9qYBddnNDxSisd1v7Nf0bPn_B0Vs0nrc5rA==
</PRE>
<ADDRESS>
</ADDRESS>
</BODY></HTML>
2025-10-12 19:29:40,400 - __main__ - WARNING - Error fetching data from bybit: bybit GET https://api-testnet.bybit.com/v5/asset/coin/query-info? 403 Forbidden <!DOCTYPE HTML PUBLIC "-//W3C//DTD HTML 4.01 Transitional//EN" "http://www.w3.org/TR/html4/loose.dtd">
<HTML><HEAD><META HTTP-EQUIV="Content-Type" CONTENT="text/html; charset=iso-8859-1">
<TITLE>ERROR: The request could not be satisfied</TITLE>
</HEAD><BODY>
<H1>403 ERROR</H1>
<H2>The request could not be satisfied.</H2>
<HR noshade size="1px">
The Amazon CloudFront distribution is configured to block access from your country.
We can't connect to the server for this app or website at this time. There might be too much traffic or a configuration error. Try again later, or contact the app or website owner.
<BR clear="all">
If you provide content to customers through CloudFront, you can find steps to troubleshoot and help prevent this error by reviewing the CloudFront documentation.
<BR clear="all">
<HR noshade size="1px">
<PRE>
Generated by cloudfront (CloudFront)
Request ID: heQ3-Z6Xu8Gn_2EtUqBW04qElY-5CYg085KpA0Hm98C1bN4nw3LJiA==
</PRE>
<ADDRESS>
</ADDRESS>
</BODY></HTML>
2025-10-12 19:29:40,960 - __main__ - WARNING - Error fetching data from bybit: bybit GET https://api-testnet.bybit.com/v5/asset/coin/query-info? 403 Forbidden <!DOCTYPE HTML PUBLIC "-//W3C//DTD HTML 4.01 Transitional//EN" "http://www.w3.org/TR/html4/loose.dtd">
<HTML><HEAD><META HTTP-EQUIV="Content-Type" CONTENT="text/html; charset=iso-8859-1">
<TITLE>ERROR: The request could not be satisfied</TITLE>
</HEAD><BODY>
<H1>403 ERROR</H1>
<H2>The request could not be satisfied.</H2>
<HR noshade size="1px">
The Amazon CloudFront distribution is configured to block access from your country.
We can't connect to the server for this app or website at this time. There might be too much traffic or a configuration error. Try again later, or contact the app or website owner.
<BR clear="all">
If you provide content to customers through CloudFront, you can find steps to troubleshoot and help prevent this error by reviewing the CloudFront documentation.
<BR clear="all">
<HR noshade size="1px">
<PRE>
Generated by cloudfront (CloudFront)
Request ID: jR6gmbGkbk8tHbBjEYRxBSEjWocQQOxHPYS1fQZMqfboOvlBxUiNUQ==
</PRE>
<ADDRESS>
</ADDRESS>
</BODY></HTML>
2025-10-12 19:29:41,520 - __main__ - WARNING - Error fetching data from bybit: bybit GET https://api-testnet.bybit.com/v5/asset/coin/query-info? 403 Forbidden <!DOCTYPE HTML PUBLIC "-//W3C//DTD HTML 4.01 Transitional//EN" "http://www.w3.org/TR/html4/loose.dtd">
<HTML><HEAD><META HTTP-EQUIV="Content-Type" CONTENT="text/html; charset=iso-8859-1">
<TITLE>ERROR: The request could not be satisfied</TITLE>
</HEAD><BODY>
<H1>403 ERROR</H1>
<H2>The request could not be satisfied.</H2>
<HR noshade size="1px">
The Amazon CloudFront distribution is configured to block access from your country.
We can't connect to the server for this app or website at this time. There might be too much traffic or a configuration error. Try again later, or contact the app or website owner.
<BR clear="all">
If you provide content to customers through CloudFront, you can find steps to troubleshoot and help prevent this error by reviewing the CloudFront documentation.
<BR clear="all">
<HR noshade size="1px">
<PRE>
Generated by cloudfront (CloudFront)
Request ID: RyxeZJlKQXM0fqwkocnx0j7G-KUTdXIi023i7Yw8FxEPzJlKATGV7A==
</PRE>
<ADDRESS>
</ADDRESS>
</BODY></HTML>
2025-10-12 19:29:42,080 - __main__ - WARNING - Error fetching data from bybit: bybit GET https://api-testnet.bybit.com/v5/asset/coin/query-info? 403 Forbidden <!DOCTYPE HTML PUBLIC "-//W3C//DTD HTML 4.01 Transitional//EN" "http://www.w3.org/TR/html4/loose.dtd">
<HTML><HEAD><META HTTP-EQUIV="Content-Type" CONTENT="text/html; charset=iso-8859-1">
<TITLE>ERROR: The request could not be satisfied</TITLE>
</HEAD><BODY>
<H1>403 ERROR</H1>
<H2>The request could not be satisfied.</H2>
<HR noshade size="1px">
The Amazon CloudFront distribution is configured to block access from your country.
We can't connect to the server for this app or website at this time. There might be too much traffic or a configuration error. Try again later, or contact the app or website owner.
<BR clear="all">
If you provide content to customers through CloudFront, you can find steps to troubleshoot and help prevent this error by reviewing the CloudFront documentation.
<BR clear="all">
<HR noshade size="1px">
<PRE>
Generated by cloudfront (CloudFront)
Request ID: EqIVJt5FZHpFfYMpqi-Xdvfmd646rK_sStjsQR0VPJpcdtAeoeGvig==
</PRE>
<ADDRESS>
</ADDRESS>
</BODY></HTML>
2025-10-12 19:29:42,640 - __main__ - WARNING - Error fetching data from bybit: bybit GET https://api-testnet.bybit.com/v5/asset/coin/query-info? 403 Forbidden <!DOCTYPE HTML PUBLIC "-//W3C//DTD HTML 4.01 Transitional//EN" "http://www.w3.org/TR/html4/loose.dtd">
<HTML><HEAD><META HTTP-EQUIV="Content-Type" CONTENT="text/html; charset=iso-8859-1">
<TITLE>ERROR: The request could not be satisfied</TITLE>
</HEAD><BODY>
<H1>403 ERROR</H1>
<H2>The request could not be satisfied.</H2>
<HR noshade size="1px">
The Amazon CloudFront distribution is configured to block access from your country.
We can't connect to the server for this app or website at this time. There might be too much traffic or a configuration error. Try again later, or contact the app or website owner.
<BR clear="all">
If you provide content to customers through CloudFront, you can find steps to troubleshoot and help prevent this error by reviewing the CloudFront documentation.
<BR clear="all">
<HR noshade size="1px">
<PRE>
Generated by cloudfront (CloudFront)
Request ID: gW2mLeG7AknHWeN-nec5AhFJ83y1JCA3rlr34-GaGfoWyz8RTedAjA==
</PRE>
<ADDRESS>
</ADDRESS>
</BODY></HTML>
2025-10-12 19:29:43,200 - __main__ - WARNING - Error fetching data from bybit: bybit GET https://api-testnet.bybit.com/v5/asset/coin/query-info? 403 Forbidden <!DOCTYPE HTML PUBLIC "-//W3C//DTD HTML 4.01 Transitional//EN" "http://www.w3.org/TR/html4/loose.dtd">
<HTML><HEAD><META HTTP-EQUIV="Content-Type" CONTENT="text/html; charset=iso-8859-1">
<TITLE>ERROR: The request could not be satisfied</TITLE>
</HEAD><BODY>
<H1>403 ERROR</H1>
<H2>The request could not be satisfied.</H2>
<HR noshade size="1px">
The Amazon CloudFront distribution is configured to block access from your country.
We can't connect to the server for this app or website at this time. There might be too much traffic or a configuration error. Try again later, or contact the app or website owner.
<BR clear="all">
If you provide content to customers through CloudFront, you can find steps to troubleshoot and help prevent this error by reviewing the CloudFront documentation.
<BR clear="all">
<HR noshade size="1px">
<PRE>
Generated by cloudfront (CloudFront)
Request ID: Zek443vv_yOgIgaqJw_7WgbxM9_ch5WKRC0XDG_OUA6lIkbVlGQVWw==
</PRE>
<ADDRESS>
</ADDRESS>
</BODY></HTML>
2025-10-12 19:29:43,761 - __main__ - WARNING - Error fetching data from bybit: bybit GET https://api-testnet.bybit.com/v5/asset/coin/query-info? 403 Forbidden <!DOCTYPE HTML PUBLIC "-//W3C//DTD HTML 4.01 Transitional//EN" "http://www.w3.org/TR/html4/loose.dtd">
<HTML><HEAD><META HTTP-EQUIV="Content-Type" CONTENT="text/html; charset=iso-8859-1">
<TITLE>ERROR: The request could not be satisfied</TITLE>
</HEAD><BODY>
<H1>403 ERROR</H1>
<H2>The request could not be satisfied.</H2>
<HR noshade size="1px">
The Amazon CloudFront distribution is configured to block access from your country.
We can't connect to the server for this app or website at this time. There might be too much traffic or a configuration error. Try again later, or contact the app or website owner.
<BR clear="all">
If you provide content to customers through CloudFront, you can find steps to troubleshoot and help prevent this error by reviewing the CloudFront documentation.
<BR clear="all">
<HR noshade size="1px">
<PRE>
Generated by cloudfront (CloudFront)
Request ID: dsrjlHX8eyNYJvB5tPEJtLLf5zYQJA6q82mKJrqh_yDh0yRYLWHzNQ==
</PRE>
<ADDRESS>
</ADDRESS>
</BODY></HTML>
2025-10-12 19:29:44,321 - __main__ - WARNING - Error fetching data from bybit: bybit GET https://api-testnet.bybit.com/v5/asset/coin/query-info? 403 Forbidden <!DOCTYPE HTML PUBLIC "-//W3C//DTD HTML 4.01 Transitional//EN" "http://www.w3.org/TR/html4/loose.dtd">
<HTML><HEAD><META HTTP-EQUIV="Content-Type" CONTENT="text/html; charset=iso-8859-1">
<TITLE>ERROR: The request could not be satisfied</TITLE>
</HEAD><BODY>
<H1>403 ERROR</H1>
<H2>The request could not be satisfied.</H2>
<HR noshade size="1px">
The Amazon CloudFront distribution is configured to block access from your country.
We can't connect to the server for this app or website at this time. There might be too much traffic or a configuration error. Try again later, or contact the app or website owner.
<BR clear="all">
If you provide content to customers through CloudFront, you can find steps to troubleshoot and help prevent this error by reviewing the CloudFront documentation.
<BR clear="all">
<HR noshade size="1px">
<PRE>
Generated by cloudfront (CloudFront)
Request ID: GJf0bD6O3-LSDpNOulpKbEEXqf4CMUkFvVFgbHZjyVRd3q4eY4SMjA==
</PRE>
<ADDRESS>
</ADDRESS>
</BODY></HTML>
2025-10-12 19:29:44,881 - __main__ - WARNING - Error fetching data from bybit: bybit GET https://api-testnet.bybit.com/v5/asset/coin/query-info? 403 Forbidden <!DOCTYPE HTML PUBLIC "-//W3C//DTD HTML 4.01 Transitional//EN" "http://www.w3.org/TR/html4/loose.dtd">
<HTML><HEAD><META HTTP-EQUIV="Content-Type" CONTENT="text/html; charset=iso-8859-1">
<TITLE>ERROR: The request could not be satisfied</TITLE>
</HEAD><BODY>
<H1>403 ERROR</H1>
<H2>The request could not be satisfied.</H2>
<HR noshade size="1px">
The Amazon CloudFront distribution is configured to block access from your country.
We can't connect to the server for this app or website at this time. There might be too much traffic or a configuration error. Try again later, or contact the app or website owner.
<BR clear="all">
If you provide content to customers through CloudFront, you can find steps to troubleshoot and help prevent this error by reviewing the CloudFront documentation.
<BR clear="all">
<HR noshade size="1px">
<PRE>
Generated by cloudfront (CloudFront)
Request ID: 3pb_nO2W51STsa53M_RFWsn_5JoZflZA052TZmqHJrf0H6TkxH--xw==
</PRE>
<ADDRESS>
</ADDRESS>
</BODY></HTML>
2025-10-12 19:29:45,442 - __main__ - WARNING - Error fetching data from bybit: bybit GET https://api-testnet.bybit.com/v5/asset/coin/query-info? 403 Forbidden <!DOCTYPE HTML PUBLIC "-//W3C//DTD HTML 4.01 Transitional//EN" "http://www.w3.org/TR/html4/loose.dtd">
<HTML><HEAD><META HTTP-EQUIV="Content-Type" CONTENT="text/html; charset=iso-8859-1">
<TITLE>ERROR: The request could not be satisfied</TITLE>
</HEAD><BODY>
<H1>403 ERROR</H1>
<H2>The request could not be satisfied.</H2>
<HR noshade size="1px">
The Amazon CloudFront distribution is configured to block access from your country.
We can't connect to the server for this app or website at this time. There might be too much traffic or a configuration error. Try again later, or contact the app or website owner.
<BR clear="all">
If you provide content to customers through CloudFront, you can find steps to troubleshoot and help prevent this error by reviewing the CloudFront documentation.
<BR clear="all">
<HR noshade size="1px">
<PRE>
Generated by cloudfront (CloudFront)
Request ID: WTV9S96AsS3GtDBONTuenWXWEBTZQWm6fx8kJZqbma778r5pvWZLfw==
</PRE>
<ADDRESS>
</ADDRESS>
</BODY></HTML>
2025-10-12 19:29:46,002 - __main__ - WARNING - Error fetching data from bybit: bybit GET https://api-testnet.bybit.com/v5/asset/coin/query-info? 403 Forbidden <!DOCTYPE HTML PUBLIC "-//W3C//DTD HTML 4.01 Transitional//EN" "http://www.w3.org/TR/html4/loose.dtd">
<HTML><HEAD><META HTTP-EQUIV="Content-Type" CONTENT="text/html; charset=iso-8859-1">
<TITLE>ERROR: The request could not be satisfied</TITLE>
</HEAD><BODY>
<H1>403 ERROR</H1>
<H2>The request could not be satisfied.</H2>
<HR noshade size="1px">
The Amazon CloudFront distribution is configured to block access from your country.
We can't connect to the server for this app or website at this time. There might be too much traffic or a configuration error. Try again later, or contact the app or website owner.
<BR clear="all">
If you provide content to customers through CloudFront, you can find steps to troubleshoot and help prevent this error by reviewing the CloudFront documentation.
<BR clear="all">
<HR noshade size="1px">
<PRE>
Generated by cloudfront (CloudFront)
Request ID: NsSA0oGrohoypTllDCvBolmCbS93oai-YHCyp0KrL-UYfOrM-TQj9g==
</PRE>
<ADDRESS>
</ADDRESS>
</BODY></HTML>
2025-10-12 19:29:46,562 - __main__ - WARNING - Error fetching data from bybit: bybit GET https://api-testnet.bybit.com/v5/asset/coin/query-info? 403 Forbidden <!DOCTYPE HTML PUBLIC "-//W3C//DTD HTML 4.01 Transitional//EN" "http://www.w3.org/TR/html4/loose.dtd">
<HTML><HEAD><META HTTP-EQUIV="Content-Type" CONTENT="text/html; charset=iso-8859-1">
<TITLE>ERROR: The request could not be satisfied</TITLE>
</HEAD><BODY>
<H1>403 ERROR</H1>
<H2>The request could not be satisfied.</H2>
<HR noshade size="1px">
The Amazon CloudFront distribution is configured to block access from your country.
We can't connect to the server for this app or website at this time. There might be too much traffic or a configuration error. Try again later, or contact the app or website owner.
<BR clear="all">
If you provide content to customers through CloudFront, you can find steps to troubleshoot and help prevent this error by reviewing the CloudFront documentation.
<BR clear="all">
<HR noshade size="1px">
<PRE>
Generated by cloudfront (CloudFront)
Request ID: 8nrreNswyWpMKqe898Crfml3tkDtV4mi4z9Jvs0_e9ROQ7s_cig-xw==
</PRE>
<ADDRESS>
</ADDRESS>
</BODY></HTML>
2025-10-12 19:29:47,123 - __main__ - WARNING - Error fetching data from bybit: bybit GET https://api-testnet.bybit.com/v5/asset/coin/query-info? 403 Forbidden <!DOCTYPE HTML PUBLIC "-//W3C//DTD HTML 4.01 Transitional//EN" "http://www.w3.org/TR/html4/loose.dtd">
<HTML><HEAD><META HTTP-EQUIV="Content-Type" CONTENT="text/html; charset=iso-8859-1">
<TITLE>ERROR: The request could not be satisfied</TITLE>
</HEAD><BODY>
<H1>403 ERROR</H1>
<H2>The request could not be satisfied.</H2>
<HR noshade size="1px">
The Amazon CloudFront distribution is configured to block access from your country.
We can't connect to the server for this app or website at this time. There might be too much traffic or a configuration error. Try again later, or contact the app or website owner.
<BR clear="all">
If you provide content to customers through CloudFront, you can find steps to troubleshoot and help prevent this error by reviewing the CloudFront documentation.
<BR clear="all">
<HR noshade size="1px">
<PRE>
Generated by cloudfront (CloudFront)
Request ID: mKi3HNcZBCXE--xlzRzh47a1koCkWRBZVCeRBl-IB7Tgy05838QVeQ==
</PRE>
<ADDRESS>
</ADDRESS>
</BODY></HTML>
2025-10-12 19:29:47,683 - __main__ - WARNING - Error fetching data from bybit: bybit GET https://api-testnet.bybit.com/v5/asset/coin/query-info? 403 Forbidden <!DOCTYPE HTML PUBLIC "-//W3C//DTD HTML 4.01 Transitional//EN" "http://www.w3.org/TR/html4/loose.dtd">
<HTML><HEAD><META HTTP-EQUIV="Content-Type" CONTENT="text/html; charset=iso-8859-1">
<TITLE>ERROR: The request could not be satisfied</TITLE>
</HEAD><BODY>
<H1>403 ERROR</H1>
<H2>The request could not be satisfied.</H2>
<HR noshade size="1px">
The Amazon CloudFront distribution is configured to block access from your country.
We can't connect to the server for this app or website at this time. There might be too much traffic or a configuration error. Try again later, or contact the app or website owner.
<BR clear="all">
If you provide content to customers through CloudFront, you can find steps to troubleshoot and help prevent this error by reviewing the CloudFront documentation.
<BR clear="all">
<HR noshade size="1px">
<PRE>
Generated by cloudfront (CloudFront)
Request ID: 5ZC8VSFPkKhKgzIf1PycT67lI4ihP0fEo_vsoBP2tg_dlivxgyJkyQ==
</PRE>
<ADDRESS>
</ADDRESS>
</BODY></HTML>
2025-10-12 19:29:47,683 - __main__ - ERROR - Main trading cycle error: 'NobelSimpleSystem' object has no attribute 'generate_trading_signals'
2025-10-12 19:29:48,243 - __main__ - WARNING - Error collecting data from bybit: bybit GET https://api-testnet.bybit.com/v5/asset/coin/query-info? 403 Forbidden <!DOCTYPE HTML PUBLIC "-//W3C//DTD HTML 4.01 Transitional//EN" "http://www.w3.org/TR/html4/loose.dtd">
<HTML><HEAD><META HTTP-EQUIV="Content-Type" CONTENT="text/html; charset=iso-8859-1">
<TITLE>ERROR: The request could not be satisfied</TITLE>
</HEAD><BODY>
<H1>403 ERROR</H1>
<H2>The request could not be satisfied.</H2>
<HR noshade size="1px">
The Amazon CloudFront distribution is configured to block access from your country.
We can't connect to the server for this app or website at this time. There might be too much traffic or a configuration error. Try again later, or contact the app or website owner.
<BR clear="all">
If you provide content to customers through CloudFront, you can find steps to troubleshoot and help prevent this error by reviewing the CloudFront documentation.
<BR clear="all">
<HR noshade size="1px">
<PRE>
Generated by cloudfront (CloudFront)
Request ID: 5qvjGs1hLFdqBxphhlZopOp1YgncOh0qvU1SzLe_GUMILADahjWFww==
</PRE>
<ADDRESS>
</ADDRESS>
</BODY></HTML>
2025-10-12 19:29:52,688 - __main__ - ERROR - Main trading cycle error: 'NobelSimpleSystem' object has no attribute 'generate_trading_signals'
