2025-10-12 19:44:53,518 - __main__ - INFO - 🏆 Nobel Complete System initialized
2025-10-12 19:44:53,518 - __main__ - INFO - 🚀 Initializing Nobel Complete System...
2025-10-12 19:44:53,532 - __main__ - INFO - ✅ Database initialized
2025-10-12 19:44:53,535 - __main__ - INFO - ✅ BYBIT initialized
2025-10-12 19:44:53,536 - __main__ - INFO - ✅ AI models initialized
2025-10-12 19:44:53,574 - __main__ - INFO - ✅ Telegram bot initialized
2025-10-12 19:44:53,574 - __main__ - INFO - ✅ Nobel Complete System initialized successfully
2025-10-12 19:44:53,575 - __main__ - INFO - 🏆 Nobel Complete System ready to dominate markets!
2025-10-12 19:44:53,575 - __main__ - INFO - 🚀 Starting Nobel Complete Trading System...
2025-10-12 19:44:53,693 - __main__ - WARNING - Error fetching from bybit: bybit GET https://api-testnet.bybit.com/v5/asset/coin/query-info? 403 Forbidden <!DOCTYPE HTML PUBLIC "-//W3C//DTD HTML 4.01 Transitional//EN" "http://www.w3.org/TR/html4/loose.dtd">
<HTML><HEAD><META HTTP-EQUIV="Content-Type" CONTENT="text/html; charset=iso-8859-1">
<TITLE>ERROR: The request could not be satisfied</TITLE>
</HEAD><BODY>
<H1>403 ERROR</H1>
<H2>The request could not be satisfied.</H2>
<HR noshade size="1px">
The Amazon CloudFront distribution is configured to block access from your country.
We can't connect to the server for this app or website at this time. There might be too much traffic or a configuration error. Try again later, or contact the app or website owner.
<BR clear="all">
If you provide content to customers through CloudFront, you can find steps to troubleshoot and help prevent this error by reviewing the CloudFront documentation.
<BR clear="all">
<HR noshade size="1px">
<PRE>
Generated by cloudfront (CloudFront)
Request ID: wggCsZh1eFWclsfUFy7xV4HVniElsdNvVG3watQry22kgmWUH0go3A==
</PRE>
<ADDRESS>
</ADDRESS>
</BODY></HTML>
2025-10-12 19:44:54,129 - yfinance - ERROR - HTTP Error 404: {"quoteSummary":{"result":null,"error":{"code":"Not Found","description":"Quote not found for symbol: BTC-USDT"}}}
2025-10-12 19:44:54,289 - yfinance - ERROR - $BTC-USDT: possibly delisted; no price data found  (period=7d) (Yahoo error = "No data found, symbol may be delisted")
2025-10-12 19:44:54,290 - __main__ - ERROR - YFinance data error: No data from Yahoo Finance
2025-10-12 19:44:54,290 - __main__ - WARNING - YFinance fallback failed: No data from Yahoo Finance
2025-10-12 19:44:54,294 - __main__ - ERROR - Scalping opportunity analysis error: The truth value of a DataFrame is ambiguous. Use a.empty, a.bool(), a.item(), a.any() or a.all().
2025-10-12 19:44:54,301 - __main__ - WARNING - Error fetching from bybit: bybit GET https://api-testnet.bybit.com/v5/asset/coin/query-info? 403 Forbidden <!DOCTYPE HTML PUBLIC "-//W3C//DTD HTML 4.01 Transitional//EN" "http://www.w3.org/TR/html4/loose.dtd">
<HTML><HEAD><META HTTP-EQUIV="Content-Type" CONTENT="text/html; charset=iso-8859-1">
<TITLE>ERROR: The request could not be satisfied</TITLE>
</HEAD><BODY>
<H1>403 ERROR</H1>
<H2>The request could not be satisfied.</H2>
<HR noshade size="1px">
The Amazon CloudFront distribution is configured to block access from your country.
We can't connect to the server for this app or website at this time. There might be too much traffic or a configuration error. Try again later, or contact the app or website owner.
<BR clear="all">
If you provide content to customers through CloudFront, you can find steps to troubleshoot and help prevent this error by reviewing the CloudFront documentation.
<BR clear="all">
<HR noshade size="1px">
<PRE>
Generated by cloudfront (CloudFront)
Request ID: t0e2L6hRJM4aBHPP1burSSuPcIxVbdLR8QCn7BNEl0w744a2JOQ7dg==
</PRE>
<ADDRESS>
</ADDRESS>
</BODY></HTML>
2025-10-12 19:44:54,430 - yfinance - ERROR - HTTP Error 404: {"quoteSummary":{"result":null,"error":{"code":"Not Found","description":"Quote not found for symbol: BTC-USDT"}}}
2025-10-12 19:44:54,568 - yfinance - ERROR - $BTC-USDT: possibly delisted; no price data found  (period=7d) (Yahoo error = "No data found, symbol may be delisted")
2025-10-12 19:44:54,568 - __main__ - ERROR - YFinance data error: No data from Yahoo Finance
2025-10-12 19:44:54,568 - __main__ - WARNING - YFinance fallback failed: No data from Yahoo Finance
2025-10-12 19:44:54,571 - __main__ - ERROR - Scalping opportunity analysis error: The truth value of a DataFrame is ambiguous. Use a.empty, a.bool(), a.item(), a.any() or a.all().
2025-10-12 19:44:54,863 - __main__ - WARNING - Error fetching from bybit: bybit GET https://api-testnet.bybit.com/v5/asset/coin/query-info? 403 Forbidden <!DOCTYPE HTML PUBLIC "-//W3C//DTD HTML 4.01 Transitional//EN" "http://www.w3.org/TR/html4/loose.dtd">
<HTML><HEAD><META HTTP-EQUIV="Content-Type" CONTENT="text/html; charset=iso-8859-1">
<TITLE>ERROR: The request could not be satisfied</TITLE>
</HEAD><BODY>
<H1>403 ERROR</H1>
<H2>The request could not be satisfied.</H2>
<HR noshade size="1px">
The Amazon CloudFront distribution is configured to block access from your country.
We can't connect to the server for this app or website at this time. There might be too much traffic or a configuration error. Try again later, or contact the app or website owner.
<BR clear="all">
If you provide content to customers through CloudFront, you can find steps to troubleshoot and help prevent this error by reviewing the CloudFront documentation.
<BR clear="all">
<HR noshade size="1px">
<PRE>
Generated by cloudfront (CloudFront)
Request ID: ukalWBL__w9I-lAsW_p6YMF0FX31uDdwwiRQLT9-1_QoByOL7o3oGw==
</PRE>
<ADDRESS>
</ADDRESS>
</BODY></HTML>
2025-10-12 19:44:54,969 - yfinance - ERROR - $BTC-USDT: possibly delisted; no price data found  (period=7d) (Yahoo error = "No data found, symbol may be delisted")
2025-10-12 19:44:54,970 - __main__ - ERROR - YFinance data error: No data from Yahoo Finance
2025-10-12 19:44:54,970 - __main__ - WARNING - YFinance fallback failed: No data from Yahoo Finance
2025-10-12 19:44:54,972 - __main__ - ERROR - Scalping opportunity analysis error: The truth value of a DataFrame is ambiguous. Use a.empty, a.bool(), a.item(), a.any() or a.all().
2025-10-12 19:44:55,423 - __main__ - WARNING - Error fetching from bybit: bybit GET https://api-testnet.bybit.com/v5/asset/coin/query-info? 403 Forbidden <!DOCTYPE HTML PUBLIC "-//W3C//DTD HTML 4.01 Transitional//EN" "http://www.w3.org/TR/html4/loose.dtd">
<HTML><HEAD><META HTTP-EQUIV="Content-Type" CONTENT="text/html; charset=iso-8859-1">
<TITLE>ERROR: The request could not be satisfied</TITLE>
</HEAD><BODY>
<H1>403 ERROR</H1>
<H2>The request could not be satisfied.</H2>
<HR noshade size="1px">
The Amazon CloudFront distribution is configured to block access from your country.
We can't connect to the server for this app or website at this time. There might be too much traffic or a configuration error. Try again later, or contact the app or website owner.
<BR clear="all">
If you provide content to customers through CloudFront, you can find steps to troubleshoot and help prevent this error by reviewing the CloudFront documentation.
<BR clear="all">
<HR noshade size="1px">
<PRE>
Generated by cloudfront (CloudFront)
Request ID: tZMthVVe57k2OUN6vhiZMnME5NAqZOP53UPN-BUujbEIpSmxbNkADQ==
</PRE>
<ADDRESS>
</ADDRESS>
</BODY></HTML>
2025-10-12 19:44:55,643 - yfinance - ERROR - $ETH-USDT: possibly delisted; no price data found  (period=7d) (Yahoo error = "No data found, symbol may be delisted")
2025-10-12 19:44:55,643 - __main__ - ERROR - YFinance data error: No data from Yahoo Finance
2025-10-12 19:44:55,643 - __main__ - WARNING - YFinance fallback failed: No data from Yahoo Finance
2025-10-12 19:44:55,646 - __main__ - ERROR - Scalping opportunity analysis error: The truth value of a DataFrame is ambiguous. Use a.empty, a.bool(), a.item(), a.any() or a.all().
2025-10-12 19:44:55,984 - __main__ - WARNING - Error fetching from bybit: bybit GET https://api-testnet.bybit.com/v5/asset/coin/query-info? 403 Forbidden <!DOCTYPE HTML PUBLIC "-//W3C//DTD HTML 4.01 Transitional//EN" "http://www.w3.org/TR/html4/loose.dtd">
<HTML><HEAD><META HTTP-EQUIV="Content-Type" CONTENT="text/html; charset=iso-8859-1">
<TITLE>ERROR: The request could not be satisfied</TITLE>
</HEAD><BODY>
<H1>403 ERROR</H1>
<H2>The request could not be satisfied.</H2>
<HR noshade size="1px">
The Amazon CloudFront distribution is configured to block access from your country.
We can't connect to the server for this app or website at this time. There might be too much traffic or a configuration error. Try again later, or contact the app or website owner.
<BR clear="all">
If you provide content to customers through CloudFront, you can find steps to troubleshoot and help prevent this error by reviewing the CloudFront documentation.
<BR clear="all">
<HR noshade size="1px">
<PRE>
Generated by cloudfront (CloudFront)
Request ID: lIX2SqI_5SMku1N54PbsnZDKV4CjY0asW213gox37E5TBEtHoP-QIA==
</PRE>
<ADDRESS>
</ADDRESS>
</BODY></HTML>
2025-10-12 19:44:56,122 - yfinance - ERROR - $ETH-USDT: possibly delisted; no price data found  (period=7d) (Yahoo error = "No data found, symbol may be delisted")
2025-10-12 19:44:56,122 - __main__ - ERROR - YFinance data error: No data from Yahoo Finance
2025-10-12 19:44:56,122 - __main__ - WARNING - YFinance fallback failed: No data from Yahoo Finance
2025-10-12 19:44:56,127 - __main__ - ERROR - Scalping opportunity analysis error: The truth value of a DataFrame is ambiguous. Use a.empty, a.bool(), a.item(), a.any() or a.all().
2025-10-12 19:44:56,544 - __main__ - WARNING - Error fetching from bybit: bybit GET https://api-testnet.bybit.com/v5/asset/coin/query-info? 403 Forbidden <!DOCTYPE HTML PUBLIC "-//W3C//DTD HTML 4.01 Transitional//EN" "http://www.w3.org/TR/html4/loose.dtd">
<HTML><HEAD><META HTTP-EQUIV="Content-Type" CONTENT="text/html; charset=iso-8859-1">
<TITLE>ERROR: The request could not be satisfied</TITLE>
</HEAD><BODY>
<H1>403 ERROR</H1>
<H2>The request could not be satisfied.</H2>
<HR noshade size="1px">
The Amazon CloudFront distribution is configured to block access from your country.
We can't connect to the server for this app or website at this time. There might be too much traffic or a configuration error. Try again later, or contact the app or website owner.
<BR clear="all">
If you provide content to customers through CloudFront, you can find steps to troubleshoot and help prevent this error by reviewing the CloudFront documentation.
<BR clear="all">
<HR noshade size="1px">
<PRE>
Generated by cloudfront (CloudFront)
Request ID: ZudDjuV-AOCWrLmNFpGxxOhuBjl9IRyNYGp_P0VKaaQykm7PK70QRA==
</PRE>
<ADDRESS>
</ADDRESS>
</BODY></HTML>
2025-10-12 19:44:56,639 - yfinance - ERROR - $ETH-USDT: possibly delisted; no price data found  (period=7d) (Yahoo error = "No data found, symbol may be delisted")
2025-10-12 19:44:56,639 - __main__ - ERROR - YFinance data error: No data from Yahoo Finance
2025-10-12 19:44:56,639 - __main__ - WARNING - YFinance fallback failed: No data from Yahoo Finance
2025-10-12 19:44:56,642 - __main__ - ERROR - Scalping opportunity analysis error: The truth value of a DataFrame is ambiguous. Use a.empty, a.bool(), a.item(), a.any() or a.all().
2025-10-12 19:44:57,104 - __main__ - WARNING - Error fetching from bybit: bybit GET https://api-testnet.bybit.com/v5/asset/coin/query-info? 403 Forbidden <!DOCTYPE HTML PUBLIC "-//W3C//DTD HTML 4.01 Transitional//EN" "http://www.w3.org/TR/html4/loose.dtd">
<HTML><HEAD><META HTTP-EQUIV="Content-Type" CONTENT="text/html; charset=iso-8859-1">
<TITLE>ERROR: The request could not be satisfied</TITLE>
</HEAD><BODY>
<H1>403 ERROR</H1>
<H2>The request could not be satisfied.</H2>
<HR noshade size="1px">
The Amazon CloudFront distribution is configured to block access from your country.
We can't connect to the server for this app or website at this time. There might be too much traffic or a configuration error. Try again later, or contact the app or website owner.
<BR clear="all">
If you provide content to customers through CloudFront, you can find steps to troubleshoot and help prevent this error by reviewing the CloudFront documentation.
<BR clear="all">
<HR noshade size="1px">
<PRE>
Generated by cloudfront (CloudFront)
Request ID: 1EIKfWhEHLx9j4jQ28JJbnawP1ln96_5dxNqiutGil9nque6cgbj-g==
</PRE>
<ADDRESS>
</ADDRESS>
</BODY></HTML>
2025-10-12 19:44:57,320 - yfinance - ERROR - $BNB-USDT: possibly delisted; no price data found  (period=7d) (Yahoo error = "No data found, symbol may be delisted")
2025-10-12 19:44:57,321 - __main__ - ERROR - YFinance data error: No data from Yahoo Finance
2025-10-12 19:44:57,321 - __main__ - WARNING - YFinance fallback failed: No data from Yahoo Finance
2025-10-12 19:44:57,323 - __main__ - ERROR - Scalping opportunity analysis error: The truth value of a DataFrame is ambiguous. Use a.empty, a.bool(), a.item(), a.any() or a.all().
2025-10-12 19:44:57,664 - __main__ - WARNING - Error fetching from bybit: bybit GET https://api-testnet.bybit.com/v5/asset/coin/query-info? 403 Forbidden <!DOCTYPE HTML PUBLIC "-//W3C//DTD HTML 4.01 Transitional//EN" "http://www.w3.org/TR/html4/loose.dtd">
<HTML><HEAD><META HTTP-EQUIV="Content-Type" CONTENT="text/html; charset=iso-8859-1">
<TITLE>ERROR: The request could not be satisfied</TITLE>
</HEAD><BODY>
<H1>403 ERROR</H1>
<H2>The request could not be satisfied.</H2>
<HR noshade size="1px">
The Amazon CloudFront distribution is configured to block access from your country.
We can't connect to the server for this app or website at this time. There might be too much traffic or a configuration error. Try again later, or contact the app or website owner.
<BR clear="all">
If you provide content to customers through CloudFront, you can find steps to troubleshoot and help prevent this error by reviewing the CloudFront documentation.
<BR clear="all">
<HR noshade size="1px">
<PRE>
Generated by cloudfront (CloudFront)
Request ID: Wp3zFnpFIUvTu4weGRMwEmoejaCbi7rGaBMLPe3qdjVRCk-iY7yDnA==
</PRE>
<ADDRESS>
</ADDRESS>
</BODY></HTML>
2025-10-12 19:44:57,832 - yfinance - ERROR - $BNB-USDT: possibly delisted; no price data found  (period=7d) (Yahoo error = "No data found, symbol may be delisted")
2025-10-12 19:44:57,832 - __main__ - ERROR - YFinance data error: No data from Yahoo Finance
2025-10-12 19:44:57,832 - __main__ - WARNING - YFinance fallback failed: No data from Yahoo Finance
2025-10-12 19:44:57,835 - __main__ - ERROR - Scalping opportunity analysis error: The truth value of a DataFrame is ambiguous. Use a.empty, a.bool(), a.item(), a.any() or a.all().
2025-10-12 19:44:58,224 - __main__ - WARNING - Error fetching from bybit: bybit GET https://api-testnet.bybit.com/v5/asset/coin/query-info? 403 Forbidden <!DOCTYPE HTML PUBLIC "-//W3C//DTD HTML 4.01 Transitional//EN" "http://www.w3.org/TR/html4/loose.dtd">
<HTML><HEAD><META HTTP-EQUIV="Content-Type" CONTENT="text/html; charset=iso-8859-1">
<TITLE>ERROR: The request could not be satisfied</TITLE>
</HEAD><BODY>
<H1>403 ERROR</H1>
<H2>The request could not be satisfied.</H2>
<HR noshade size="1px">
The Amazon CloudFront distribution is configured to block access from your country.
We can't connect to the server for this app or website at this time. There might be too much traffic or a configuration error. Try again later, or contact the app or website owner.
<BR clear="all">
If you provide content to customers through CloudFront, you can find steps to troubleshoot and help prevent this error by reviewing the CloudFront documentation.
<BR clear="all">
<HR noshade size="1px">
<PRE>
Generated by cloudfront (CloudFront)
Request ID: -w41a_NKJm24zGdAjsMVnB50ymqgiEX8uVKMQlMR9daLS2lbDNXNUQ==
</PRE>
<ADDRESS>
</ADDRESS>
</BODY></HTML>
2025-10-12 19:44:58,344 - yfinance - ERROR - $BNB-USDT: possibly delisted; no price data found  (period=7d) (Yahoo error = "No data found, symbol may be delisted")
2025-10-12 19:44:58,345 - __main__ - ERROR - YFinance data error: No data from Yahoo Finance
2025-10-12 19:44:58,345 - __main__ - WARNING - YFinance fallback failed: No data from Yahoo Finance
2025-10-12 19:44:58,347 - __main__ - ERROR - Scalping opportunity analysis error: The truth value of a DataFrame is ambiguous. Use a.empty, a.bool(), a.item(), a.any() or a.all().
2025-10-12 19:44:58,784 - __main__ - WARNING - Error fetching from bybit: bybit GET https://api-testnet.bybit.com/v5/asset/coin/query-info? 403 Forbidden <!DOCTYPE HTML PUBLIC "-//W3C//DTD HTML 4.01 Transitional//EN" "http://www.w3.org/TR/html4/loose.dtd">
<HTML><HEAD><META HTTP-EQUIV="Content-Type" CONTENT="text/html; charset=iso-8859-1">
<TITLE>ERROR: The request could not be satisfied</TITLE>
</HEAD><BODY>
<H1>403 ERROR</H1>
<H2>The request could not be satisfied.</H2>
<HR noshade size="1px">
The Amazon CloudFront distribution is configured to block access from your country.
We can't connect to the server for this app or website at this time. There might be too much traffic or a configuration error. Try again later, or contact the app or website owner.
<BR clear="all">
If you provide content to customers through CloudFront, you can find steps to troubleshoot and help prevent this error by reviewing the CloudFront documentation.
<BR clear="all">
<HR noshade size="1px">
<PRE>
Generated by cloudfront (CloudFront)
Request ID: uUGaCiHC_0l3dRpKd29a_xYsRV6pFJfUNIqBJqHD4fRbv_XKp4ssLA==
</PRE>
<ADDRESS>
</ADDRESS>
</BODY></HTML>
2025-10-12 19:44:59,001 - yfinance - ERROR - $BTC-USDT: possibly delisted; no price data found  (period=7d) (Yahoo error = "No data found, symbol may be delisted")
2025-10-12 19:44:59,001 - __main__ - ERROR - YFinance data error: No data from Yahoo Finance
2025-10-12 19:44:59,002 - __main__ - WARNING - YFinance fallback failed: No data from Yahoo Finance
2025-10-12 19:44:59,005 - __main__ - ERROR - Scalping opportunity analysis error: The truth value of a DataFrame is ambiguous. Use a.empty, a.bool(), a.item(), a.any() or a.all().
2025-10-12 19:44:59,344 - __main__ - WARNING - Error fetching from bybit: bybit GET https://api-testnet.bybit.com/v5/asset/coin/query-info? 403 Forbidden <!DOCTYPE HTML PUBLIC "-//W3C//DTD HTML 4.01 Transitional//EN" "http://www.w3.org/TR/html4/loose.dtd">
<HTML><HEAD><META HTTP-EQUIV="Content-Type" CONTENT="text/html; charset=iso-8859-1">
<TITLE>ERROR: The request could not be satisfied</TITLE>
</HEAD><BODY>
<H1>403 ERROR</H1>
<H2>The request could not be satisfied.</H2>
<HR noshade size="1px">
The Amazon CloudFront distribution is configured to block access from your country.
We can't connect to the server for this app or website at this time. There might be too much traffic or a configuration error. Try again later, or contact the app or website owner.
<BR clear="all">
If you provide content to customers through CloudFront, you can find steps to troubleshoot and help prevent this error by reviewing the CloudFront documentation.
<BR clear="all">
<HR noshade size="1px">
<PRE>
Generated by cloudfront (CloudFront)
Request ID: dydbvQCAj3wdf9DPVa-6YazuoyUUObbo0iwFRo0n9Py1Fr7zzhsisw==
</PRE>
<ADDRESS>
</ADDRESS>
</BODY></HTML>
2025-10-12 19:44:59,490 - yfinance - ERROR - $BTC-USDT: possibly delisted; no price data found  (period=7d) (Yahoo error = "No data found, symbol may be delisted")
2025-10-12 19:44:59,490 - __main__ - ERROR - YFinance data error: No data from Yahoo Finance
2025-10-12 19:44:59,490 - __main__ - WARNING - YFinance fallback failed: No data from Yahoo Finance
2025-10-12 19:44:59,493 - __main__ - ERROR - Scalping opportunity analysis error: The truth value of a DataFrame is ambiguous. Use a.empty, a.bool(), a.item(), a.any() or a.all().
2025-10-12 19:44:59,904 - __main__ - WARNING - Error fetching from bybit: bybit GET https://api-testnet.bybit.com/v5/asset/coin/query-info? 403 Forbidden <!DOCTYPE HTML PUBLIC "-//W3C//DTD HTML 4.01 Transitional//EN" "http://www.w3.org/TR/html4/loose.dtd">
<HTML><HEAD><META HTTP-EQUIV="Content-Type" CONTENT="text/html; charset=iso-8859-1">
<TITLE>ERROR: The request could not be satisfied</TITLE>
</HEAD><BODY>
<H1>403 ERROR</H1>
<H2>The request could not be satisfied.</H2>
<HR noshade size="1px">
The Amazon CloudFront distribution is configured to block access from your country.
We can't connect to the server for this app or website at this time. There might be too much traffic or a configuration error. Try again later, or contact the app or website owner.
<BR clear="all">
If you provide content to customers through CloudFront, you can find steps to troubleshoot and help prevent this error by reviewing the CloudFront documentation.
<BR clear="all">
<HR noshade size="1px">
<PRE>
Generated by cloudfront (CloudFront)
Request ID: lrNXRtKIN4on_LhQW-FSehHNL_gv-G5loPm-ZkukLptp877lk1z03A==
</PRE>
<ADDRESS>
</ADDRESS>
</BODY></HTML>
2025-10-12 19:45:00,083 - yfinance - ERROR - $BTC-USDT: possibly delisted; no price data found  (period=7d) (Yahoo error = "No data found, symbol may be delisted")
2025-10-12 19:45:00,083 - __main__ - ERROR - YFinance data error: No data from Yahoo Finance
2025-10-12 19:45:00,084 - __main__ - WARNING - YFinance fallback failed: No data from Yahoo Finance
2025-10-12 19:45:00,086 - __main__ - ERROR - Scalping opportunity analysis error: The truth value of a DataFrame is ambiguous. Use a.empty, a.bool(), a.item(), a.any() or a.all().
2025-10-12 19:45:00,465 - __main__ - WARNING - Error fetching from bybit: bybit GET https://api-testnet.bybit.com/v5/asset/coin/query-info? 403 Forbidden <!DOCTYPE HTML PUBLIC "-//W3C//DTD HTML 4.01 Transitional//EN" "http://www.w3.org/TR/html4/loose.dtd">
<HTML><HEAD><META HTTP-EQUIV="Content-Type" CONTENT="text/html; charset=iso-8859-1">
<TITLE>ERROR: The request could not be satisfied</TITLE>
</HEAD><BODY>
<H1>403 ERROR</H1>
<H2>The request could not be satisfied.</H2>
<HR noshade size="1px">
The Amazon CloudFront distribution is configured to block access from your country.
We can't connect to the server for this app or website at this time. There might be too much traffic or a configuration error. Try again later, or contact the app or website owner.
<BR clear="all">
If you provide content to customers through CloudFront, you can find steps to troubleshoot and help prevent this error by reviewing the CloudFront documentation.
<BR clear="all">
<HR noshade size="1px">
<PRE>
Generated by cloudfront (CloudFront)
Request ID: bqUYnQR9gtqvT0SaRcqmZ7O_shhQ8X9xU9sZlcjGMV2Iy-jAIt7mLg==
</PRE>
<ADDRESS>
</ADDRESS>
</BODY></HTML>
2025-10-12 19:45:00,647 - yfinance - ERROR - $ETH-USDT: possibly delisted; no price data found  (period=7d) (Yahoo error = "No data found, symbol may be delisted")
2025-10-12 19:45:00,647 - __main__ - ERROR - YFinance data error: No data from Yahoo Finance
2025-10-12 19:45:00,647 - __main__ - WARNING - YFinance fallback failed: No data from Yahoo Finance
2025-10-12 19:45:00,650 - __main__ - ERROR - Scalping opportunity analysis error: The truth value of a DataFrame is ambiguous. Use a.empty, a.bool(), a.item(), a.any() or a.all().
2025-10-12 19:45:01,024 - __main__ - WARNING - Error fetching from bybit: bybit GET https://api-testnet.bybit.com/v5/asset/coin/query-info? 403 Forbidden <!DOCTYPE HTML PUBLIC "-//W3C//DTD HTML 4.01 Transitional//EN" "http://www.w3.org/TR/html4/loose.dtd">
<HTML><HEAD><META HTTP-EQUIV="Content-Type" CONTENT="text/html; charset=iso-8859-1">
<TITLE>ERROR: The request could not be satisfied</TITLE>
</HEAD><BODY>
<H1>403 ERROR</H1>
<H2>The request could not be satisfied.</H2>
<HR noshade size="1px">
The Amazon CloudFront distribution is configured to block access from your country.
We can't connect to the server for this app or website at this time. There might be too much traffic or a configuration error. Try again later, or contact the app or website owner.
<BR clear="all">
If you provide content to customers through CloudFront, you can find steps to troubleshoot and help prevent this error by reviewing the CloudFront documentation.
<BR clear="all">
<HR noshade size="1px">
<PRE>
Generated by cloudfront (CloudFront)
Request ID: BNV2CbP7Dopq2xfNM1AxPNT34aNnfy3hvhMfhUAVlbKFVTwsT98XlA==
</PRE>
<ADDRESS>
</ADDRESS>
</BODY></HTML>
2025-10-12 19:45:01,261 - yfinance - ERROR - $ETH-USDT: possibly delisted; no price data found  (period=7d) (Yahoo error = "No data found, symbol may be delisted")
2025-10-12 19:45:01,261 - __main__ - ERROR - YFinance data error: No data from Yahoo Finance
2025-10-12 19:45:01,261 - __main__ - WARNING - YFinance fallback failed: No data from Yahoo Finance
2025-10-12 19:45:01,264 - __main__ - ERROR - Scalping opportunity analysis error: The truth value of a DataFrame is ambiguous. Use a.empty, a.bool(), a.item(), a.any() or a.all().
2025-10-12 19:45:01,585 - __main__ - WARNING - Error fetching from bybit: bybit GET https://api-testnet.bybit.com/v5/asset/coin/query-info? 403 Forbidden <!DOCTYPE HTML PUBLIC "-//W3C//DTD HTML 4.01 Transitional//EN" "http://www.w3.org/TR/html4/loose.dtd">
<HTML><HEAD><META HTTP-EQUIV="Content-Type" CONTENT="text/html; charset=iso-8859-1">
<TITLE>ERROR: The request could not be satisfied</TITLE>
</HEAD><BODY>
<H1>403 ERROR</H1>
<H2>The request could not be satisfied.</H2>
<HR noshade size="1px">
The Amazon CloudFront distribution is configured to block access from your country.
We can't connect to the server for this app or website at this time. There might be too much traffic or a configuration error. Try again later, or contact the app or website owner.
<BR clear="all">
If you provide content to customers through CloudFront, you can find steps to troubleshoot and help prevent this error by reviewing the CloudFront documentation.
<BR clear="all">
<HR noshade size="1px">
<PRE>
Generated by cloudfront (CloudFront)
Request ID: db2UKp8Tyg-v3PC698hCAKt3JQTXISU0HHeQSOyr_olnUDNnkNvz6A==
</PRE>
<ADDRESS>
</ADDRESS>
</BODY></HTML>
2025-10-12 19:45:02,162 - yfinance - ERROR - $ETH-USDT: possibly delisted; no price data found  (period=7d) (Yahoo error = "No data found, symbol may be delisted")
2025-10-12 19:45:02,163 - __main__ - ERROR - YFinance data error: No data from Yahoo Finance
2025-10-12 19:45:02,163 - __main__ - WARNING - YFinance fallback failed: No data from Yahoo Finance
2025-10-12 19:45:02,165 - __main__ - ERROR - Scalping opportunity analysis error: The truth value of a DataFrame is ambiguous. Use a.empty, a.bool(), a.item(), a.any() or a.all().
2025-10-12 19:45:02,173 - __main__ - WARNING - Error fetching from bybit: bybit GET https://api-testnet.bybit.com/v5/asset/coin/query-info? 403 Forbidden <!DOCTYPE HTML PUBLIC "-//W3C//DTD HTML 4.01 Transitional//EN" "http://www.w3.org/TR/html4/loose.dtd">
<HTML><HEAD><META HTTP-EQUIV="Content-Type" CONTENT="text/html; charset=iso-8859-1">
<TITLE>ERROR: The request could not be satisfied</TITLE>
</HEAD><BODY>
<H1>403 ERROR</H1>
<H2>The request could not be satisfied.</H2>
<HR noshade size="1px">
The Amazon CloudFront distribution is configured to block access from your country.
We can't connect to the server for this app or website at this time. There might be too much traffic or a configuration error. Try again later, or contact the app or website owner.
<BR clear="all">
If you provide content to customers through CloudFront, you can find steps to troubleshoot and help prevent this error by reviewing the CloudFront documentation.
<BR clear="all">
<HR noshade size="1px">
<PRE>
Generated by cloudfront (CloudFront)
Request ID: FXnkoWBGIWBHQrLeMFRjdkD2PDQXg-vrPgnbUG14TyHl3CDl_xzaig==
</PRE>
<ADDRESS>
</ADDRESS>
</BODY></HTML>
2025-10-12 19:45:02,396 - yfinance - ERROR - $BNB-USDT: possibly delisted; no price data found  (period=7d) (Yahoo error = "No data found, symbol may be delisted")
2025-10-12 19:45:02,396 - __main__ - ERROR - YFinance data error: No data from Yahoo Finance
2025-10-12 19:45:02,396 - __main__ - WARNING - YFinance fallback failed: No data from Yahoo Finance
2025-10-12 19:45:02,398 - __main__ - ERROR - Scalping opportunity analysis error: The truth value of a DataFrame is ambiguous. Use a.empty, a.bool(), a.item(), a.any() or a.all().
2025-10-12 19:45:02,733 - __main__ - WARNING - Error fetching from bybit: bybit GET https://api-testnet.bybit.com/v5/asset/coin/query-info? 403 Forbidden <!DOCTYPE HTML PUBLIC "-//W3C//DTD HTML 4.01 Transitional//EN" "http://www.w3.org/TR/html4/loose.dtd">
<HTML><HEAD><META HTTP-EQUIV="Content-Type" CONTENT="text/html; charset=iso-8859-1">
<TITLE>ERROR: The request could not be satisfied</TITLE>
</HEAD><BODY>
<H1>403 ERROR</H1>
<H2>The request could not be satisfied.</H2>
<HR noshade size="1px">
The Amazon CloudFront distribution is configured to block access from your country.
We can't connect to the server for this app or website at this time. There might be too much traffic or a configuration error. Try again later, or contact the app or website owner.
<BR clear="all">
If you provide content to customers through CloudFront, you can find steps to troubleshoot and help prevent this error by reviewing the CloudFront documentation.
<BR clear="all">
<HR noshade size="1px">
<PRE>
Generated by cloudfront (CloudFront)
Request ID: sJKJyVE1AtER3f_xU0KuMs4OLt7SizILvoCcREiGBImMp31LDcvCcg==
</PRE>
<ADDRESS>
</ADDRESS>
</BODY></HTML>
2025-10-12 19:45:02,874 - yfinance - ERROR - $BNB-USDT: possibly delisted; no price data found  (period=7d) (Yahoo error = "No data found, symbol may be delisted")
2025-10-12 19:45:02,874 - __main__ - ERROR - YFinance data error: No data from Yahoo Finance
2025-10-12 19:45:02,874 - __main__ - WARNING - YFinance fallback failed: No data from Yahoo Finance
2025-10-12 19:45:02,877 - __main__ - ERROR - Scalping opportunity analysis error: The truth value of a DataFrame is ambiguous. Use a.empty, a.bool(), a.item(), a.any() or a.all().
2025-10-12 19:45:03,293 - __main__ - WARNING - Error fetching from bybit: bybit GET https://api-testnet.bybit.com/v5/asset/coin/query-info? 403 Forbidden <!DOCTYPE HTML PUBLIC "-//W3C//DTD HTML 4.01 Transitional//EN" "http://www.w3.org/TR/html4/loose.dtd">
<HTML><HEAD><META HTTP-EQUIV="Content-Type" CONTENT="text/html; charset=iso-8859-1">
<TITLE>ERROR: The request could not be satisfied</TITLE>
</HEAD><BODY>
<H1>403 ERROR</H1>
<H2>The request could not be satisfied.</H2>
<HR noshade size="1px">
The Amazon CloudFront distribution is configured to block access from your country.
We can't connect to the server for this app or website at this time. There might be too much traffic or a configuration error. Try again later, or contact the app or website owner.
<BR clear="all">
If you provide content to customers through CloudFront, you can find steps to troubleshoot and help prevent this error by reviewing the CloudFront documentation.
<BR clear="all">
<HR noshade size="1px">
<PRE>
Generated by cloudfront (CloudFront)
Request ID: Ah_l44AT8H74tFtWTPCPGL_Ved-eiYyta-nee3a4NLqWqiD_MxKN1Q==
</PRE>
<ADDRESS>
</ADDRESS>
</BODY></HTML>
2025-10-12 19:45:03,393 - yfinance - ERROR - $BNB-USDT: possibly delisted; no price data found  (period=7d) (Yahoo error = "No data found, symbol may be delisted")
2025-10-12 19:45:03,393 - __main__ - ERROR - YFinance data error: No data from Yahoo Finance
2025-10-12 19:45:03,393 - __main__ - WARNING - YFinance fallback failed: No data from Yahoo Finance
2025-10-12 19:45:03,396 - __main__ - ERROR - Scalping opportunity analysis error: The truth value of a DataFrame is ambiguous. Use a.empty, a.bool(), a.item(), a.any() or a.all().
2025-10-12 19:45:03,396 - __main__ - ERROR - Main trading cycle error: 'NobelCompleteSystem' object has no attribute 'manage_positions'
2025-10-12 19:45:03,854 - __main__ - WARNING - Error fetching from bybit: bybit GET https://api-testnet.bybit.com/v5/asset/coin/query-info? 403 Forbidden <!DOCTYPE HTML PUBLIC "-//W3C//DTD HTML 4.01 Transitional//EN" "http://www.w3.org/TR/html4/loose.dtd">
<HTML><HEAD><META HTTP-EQUIV="Content-Type" CONTENT="text/html; charset=iso-8859-1">
<TITLE>ERROR: The request could not be satisfied</TITLE>
</HEAD><BODY>
<H1>403 ERROR</H1>
<H2>The request could not be satisfied.</H2>
<HR noshade size="1px">
The Amazon CloudFront distribution is configured to block access from your country.
We can't connect to the server for this app or website at this time. There might be too much traffic or a configuration error. Try again later, or contact the app or website owner.
<BR clear="all">
If you provide content to customers through CloudFront, you can find steps to troubleshoot and help prevent this error by reviewing the CloudFront documentation.
<BR clear="all">
<HR noshade size="1px">
<PRE>
Generated by cloudfront (CloudFront)
Request ID: N8YqOmpyJg3cFUcbxpfMfrjHy9doyvCwWIyd2gezLxbTL3_5gugnCg==
</PRE>
<ADDRESS>
</ADDRESS>
</BODY></HTML>
2025-10-12 19:45:04,054 - yfinance - ERROR - $BTC-USDT: possibly delisted; no price data found  (period=7d) (Yahoo error = "No data found, symbol may be delisted")
2025-10-12 19:45:04,054 - __main__ - ERROR - YFinance data error: No data from Yahoo Finance
2025-10-12 19:45:04,055 - __main__ - WARNING - YFinance fallback failed: No data from Yahoo Finance
2025-10-12 19:45:04,058 - __main__ - ERROR - Market data save error: Error binding parameter 3: type 'Timestamp' is not supported
2025-10-12 19:45:04,414 - __main__ - WARNING - Error fetching from bybit: bybit GET https://api-testnet.bybit.com/v5/asset/coin/query-info? 403 Forbidden <!DOCTYPE HTML PUBLIC "-//W3C//DTD HTML 4.01 Transitional//EN" "http://www.w3.org/TR/html4/loose.dtd">
<HTML><HEAD><META HTTP-EQUIV="Content-Type" CONTENT="text/html; charset=iso-8859-1">
<TITLE>ERROR: The request could not be satisfied</TITLE>
</HEAD><BODY>
<H1>403 ERROR</H1>
<H2>The request could not be satisfied.</H2>
<HR noshade size="1px">
The Amazon CloudFront distribution is configured to block access from your country.
We can't connect to the server for this app or website at this time. There might be too much traffic or a configuration error. Try again later, or contact the app or website owner.
<BR clear="all">
If you provide content to customers through CloudFront, you can find steps to troubleshoot and help prevent this error by reviewing the CloudFront documentation.
<BR clear="all">
<HR noshade size="1px">
<PRE>
Generated by cloudfront (CloudFront)
Request ID: Gxss4_HapFJFNQuTFlulnQvKRZwhuqVLTm5KW_au4PJ3Jz2cunrxxg==
</PRE>
<ADDRESS>
</ADDRESS>
</BODY></HTML>
2025-10-12 19:45:04,710 - yfinance - ERROR - $BTC-USDT: possibly delisted; no price data found  (period=7d) (Yahoo error = "No data found, symbol may be delisted")
2025-10-12 19:45:04,710 - __main__ - ERROR - YFinance data error: No data from Yahoo Finance
2025-10-12 19:45:04,710 - __main__ - WARNING - YFinance fallback failed: No data from Yahoo Finance
2025-10-12 19:45:04,713 - __main__ - ERROR - Market data save error: Error binding parameter 3: type 'Timestamp' is not supported
2025-10-12 19:45:04,974 - __main__ - WARNING - Error fetching from bybit: bybit GET https://api-testnet.bybit.com/v5/asset/coin/query-info? 403 Forbidden <!DOCTYPE HTML PUBLIC "-//W3C//DTD HTML 4.01 Transitional//EN" "http://www.w3.org/TR/html4/loose.dtd">
<HTML><HEAD><META HTTP-EQUIV="Content-Type" CONTENT="text/html; charset=iso-8859-1">
<TITLE>ERROR: The request could not be satisfied</TITLE>
</HEAD><BODY>
<H1>403 ERROR</H1>
<H2>The request could not be satisfied.</H2>
<HR noshade size="1px">
The Amazon CloudFront distribution is configured to block access from your country.
We can't connect to the server for this app or website at this time. There might be too much traffic or a configuration error. Try again later, or contact the app or website owner.
<BR clear="all">
If you provide content to customers through CloudFront, you can find steps to troubleshoot and help prevent this error by reviewing the CloudFront documentation.
<BR clear="all">
<HR noshade size="1px">
<PRE>
Generated by cloudfront (CloudFront)
Request ID: abrHfCma110JxZDmMEQLMBvStrQNLycnnT6fd5R-_kC6QYKRhaORGw==
</PRE>
<ADDRESS>
</ADDRESS>
</BODY></HTML>
2025-10-12 19:45:05,161 - yfinance - ERROR - $BTC-USDT: possibly delisted; no price data found  (period=7d) (Yahoo error = "No data found, symbol may be delisted")
2025-10-12 19:45:05,161 - __main__ - ERROR - YFinance data error: No data from Yahoo Finance
2025-10-12 19:45:05,161 - __main__ - WARNING - YFinance fallback failed: No data from Yahoo Finance
2025-10-12 19:45:05,164 - __main__ - ERROR - Market data save error: Error binding parameter 3: type 'Timestamp' is not supported
2025-10-12 19:45:05,534 - __main__ - WARNING - Error fetching from bybit: bybit GET https://api-testnet.bybit.com/v5/asset/coin/query-info? 403 Forbidden <!DOCTYPE HTML PUBLIC "-//W3C//DTD HTML 4.01 Transitional//EN" "http://www.w3.org/TR/html4/loose.dtd">
<HTML><HEAD><META HTTP-EQUIV="Content-Type" CONTENT="text/html; charset=iso-8859-1">
<TITLE>ERROR: The request could not be satisfied</TITLE>
</HEAD><BODY>
<H1>403 ERROR</H1>
<H2>The request could not be satisfied.</H2>
<HR noshade size="1px">
The Amazon CloudFront distribution is configured to block access from your country.
We can't connect to the server for this app or website at this time. There might be too much traffic or a configuration error. Try again later, or contact the app or website owner.
<BR clear="all">
If you provide content to customers through CloudFront, you can find steps to troubleshoot and help prevent this error by reviewing the CloudFront documentation.
<BR clear="all">
<HR noshade size="1px">
<PRE>
Generated by cloudfront (CloudFront)
Request ID: jJ_9ENhcYkIB9Zepf3ZULi-4vGk99fl-tDl08f-qPQyrQNjENNkETQ==
</PRE>
<ADDRESS>
</ADDRESS>
</BODY></HTML>
2025-10-12 19:45:05,654 - yfinance - ERROR - $BTC-USDT: possibly delisted; no price data found  (period=7d) (Yahoo error = "No data found, symbol may be delisted")
2025-10-12 19:45:05,654 - __main__ - ERROR - YFinance data error: No data from Yahoo Finance
2025-10-12 19:45:05,654 - __main__ - WARNING - YFinance fallback failed: No data from Yahoo Finance
2025-10-12 19:45:05,657 - __main__ - ERROR - Market data save error: Error binding parameter 3: type 'Timestamp' is not supported
2025-10-12 19:45:06,093 - __main__ - WARNING - Error fetching from bybit: bybit GET https://api-testnet.bybit.com/v5/asset/coin/query-info? 403 Forbidden <!DOCTYPE HTML PUBLIC "-//W3C//DTD HTML 4.01 Transitional//EN" "http://www.w3.org/TR/html4/loose.dtd">
<HTML><HEAD><META HTTP-EQUIV="Content-Type" CONTENT="text/html; charset=iso-8859-1">
<TITLE>ERROR: The request could not be satisfied</TITLE>
</HEAD><BODY>
<H1>403 ERROR</H1>
<H2>The request could not be satisfied.</H2>
<HR noshade size="1px">
The Amazon CloudFront distribution is configured to block access from your country.
We can't connect to the server for this app or website at this time. There might be too much traffic or a configuration error. Try again later, or contact the app or website owner.
<BR clear="all">
If you provide content to customers through CloudFront, you can find steps to troubleshoot and help prevent this error by reviewing the CloudFront documentation.
<BR clear="all">
<HR noshade size="1px">
<PRE>
Generated by cloudfront (CloudFront)
Request ID: wh0TdmD1w4iokaj86yBGDf-Djygio8wCNdMbLMIPTYxg780BN1EAdA==
</PRE>
<ADDRESS>
</ADDRESS>
</BODY></HTML>
2025-10-12 19:45:06,247 - yfinance - ERROR - $BTC-USDT: possibly delisted; no price data found  (period=7d) (Yahoo error = "No data found, symbol may be delisted")
2025-10-12 19:45:06,247 - __main__ - ERROR - YFinance data error: No data from Yahoo Finance
2025-10-12 19:45:06,247 - __main__ - WARNING - YFinance fallback failed: No data from Yahoo Finance
2025-10-12 19:45:06,250 - __main__ - ERROR - Market data save error: Error binding parameter 3: type 'Timestamp' is not supported
2025-10-12 19:45:06,653 - __main__ - WARNING - Error fetching from bybit: bybit GET https://api-testnet.bybit.com/v5/asset/coin/query-info? 403 Forbidden <!DOCTYPE HTML PUBLIC "-//W3C//DTD HTML 4.01 Transitional//EN" "http://www.w3.org/TR/html4/loose.dtd">
<HTML><HEAD><META HTTP-EQUIV="Content-Type" CONTENT="text/html; charset=iso-8859-1">
<TITLE>ERROR: The request could not be satisfied</TITLE>
</HEAD><BODY>
<H1>403 ERROR</H1>
<H2>The request could not be satisfied.</H2>
<HR noshade size="1px">
The Amazon CloudFront distribution is configured to block access from your country.
We can't connect to the server for this app or website at this time. There might be too much traffic or a configuration error. Try again later, or contact the app or website owner.
<BR clear="all">
If you provide content to customers through CloudFront, you can find steps to troubleshoot and help prevent this error by reviewing the CloudFront documentation.
<BR clear="all">
<HR noshade size="1px">
<PRE>
Generated by cloudfront (CloudFront)
Request ID: 5ZoXU-EleMf1i5uHB3nTf8gXCPYa5Ix7nd2hzztloyNNkuvqg-OrKw==
</PRE>
<ADDRESS>
</ADDRESS>
</BODY></HTML>
2025-10-12 19:45:06,977 - yfinance - ERROR - $BTC-USDT: possibly delisted; no price data found  (period=7d) (Yahoo error = "No data found, symbol may be delisted")
2025-10-12 19:45:06,978 - __main__ - ERROR - YFinance data error: No data from Yahoo Finance
2025-10-12 19:45:06,978 - __main__ - WARNING - YFinance fallback failed: No data from Yahoo Finance
2025-10-12 19:45:06,980 - __main__ - ERROR - Market data save error: Error binding parameter 3: type 'Timestamp' is not supported
2025-10-12 19:45:07,213 - __main__ - WARNING - Error fetching from bybit: bybit GET https://api-testnet.bybit.com/v5/asset/coin/query-info? 403 Forbidden <!DOCTYPE HTML PUBLIC "-//W3C//DTD HTML 4.01 Transitional//EN" "http://www.w3.org/TR/html4/loose.dtd">
<HTML><HEAD><META HTTP-EQUIV="Content-Type" CONTENT="text/html; charset=iso-8859-1">
<TITLE>ERROR: The request could not be satisfied</TITLE>
</HEAD><BODY>
<H1>403 ERROR</H1>
<H2>The request could not be satisfied.</H2>
<HR noshade size="1px">
The Amazon CloudFront distribution is configured to block access from your country.
We can't connect to the server for this app or website at this time. There might be too much traffic or a configuration error. Try again later, or contact the app or website owner.
<BR clear="all">
If you provide content to customers through CloudFront, you can find steps to troubleshoot and help prevent this error by reviewing the CloudFront documentation.
<BR clear="all">
<HR noshade size="1px">
<PRE>
Generated by cloudfront (CloudFront)
Request ID: _1hwZ9kCfxCOgGjvQCeyngbDcpJsQc12TaNL04IdkGbeP22MNTi8DA==
</PRE>
<ADDRESS>
</ADDRESS>
</BODY></HTML>
2025-10-12 19:45:07,574 - yfinance - ERROR - $ETH-USDT: possibly delisted; no price data found  (period=7d) (Yahoo error = "No data found, symbol may be delisted")
2025-10-12 19:45:07,574 - __main__ - ERROR - YFinance data error: No data from Yahoo Finance
2025-10-12 19:45:07,574 - __main__ - WARNING - YFinance fallback failed: No data from Yahoo Finance
2025-10-12 19:45:07,577 - __main__ - ERROR - Market data save error: Error binding parameter 3: type 'Timestamp' is not supported
2025-10-12 19:45:07,772 - __main__ - WARNING - Error fetching from bybit: bybit GET https://api-testnet.bybit.com/v5/asset/coin/query-info? 403 Forbidden <!DOCTYPE HTML PUBLIC "-//W3C//DTD HTML 4.01 Transitional//EN" "http://www.w3.org/TR/html4/loose.dtd">
<HTML><HEAD><META HTTP-EQUIV="Content-Type" CONTENT="text/html; charset=iso-8859-1">
<TITLE>ERROR: The request could not be satisfied</TITLE>
</HEAD><BODY>
<H1>403 ERROR</H1>
<H2>The request could not be satisfied.</H2>
<HR noshade size="1px">
The Amazon CloudFront distribution is configured to block access from your country.
We can't connect to the server for this app or website at this time. There might be too much traffic or a configuration error. Try again later, or contact the app or website owner.
<BR clear="all">
If you provide content to customers through CloudFront, you can find steps to troubleshoot and help prevent this error by reviewing the CloudFront documentation.
<BR clear="all">
<HR noshade size="1px">
<PRE>
Generated by cloudfront (CloudFront)
Request ID: pQyVR3MqsBCzYaq-1qekQ1LAzvHp-9Fi8HCySTv1fLIkRYCt2Qcnwg==
</PRE>
<ADDRESS>
</ADDRESS>
</BODY></HTML>
2025-10-12 19:45:07,985 - yfinance - ERROR - $ETH-USDT: possibly delisted; no price data found  (period=7d) (Yahoo error = "No data found, symbol may be delisted")
2025-10-12 19:45:07,985 - __main__ - ERROR - YFinance data error: No data from Yahoo Finance
2025-10-12 19:45:07,985 - __main__ - WARNING - YFinance fallback failed: No data from Yahoo Finance
2025-10-12 19:45:07,988 - __main__ - ERROR - Market data save error: Error binding parameter 3: type 'Timestamp' is not supported
2025-10-12 19:45:08,334 - __main__ - WARNING - Error fetching from bybit: bybit GET https://api-testnet.bybit.com/v5/asset/coin/query-info? 403 Forbidden <!DOCTYPE HTML PUBLIC "-//W3C//DTD HTML 4.01 Transitional//EN" "http://www.w3.org/TR/html4/loose.dtd">
<HTML><HEAD><META HTTP-EQUIV="Content-Type" CONTENT="text/html; charset=iso-8859-1">
<TITLE>ERROR: The request could not be satisfied</TITLE>
</HEAD><BODY>
<H1>403 ERROR</H1>
<H2>The request could not be satisfied.</H2>
<HR noshade size="1px">
The Amazon CloudFront distribution is configured to block access from your country.
We can't connect to the server for this app or website at this time. There might be too much traffic or a configuration error. Try again later, or contact the app or website owner.
<BR clear="all">
If you provide content to customers through CloudFront, you can find steps to troubleshoot and help prevent this error by reviewing the CloudFront documentation.
<BR clear="all">
<HR noshade size="1px">
<PRE>
Generated by cloudfront (CloudFront)
Request ID: mXxbHEqTkZG3DtMK4GpStpPl_0S_cFLvua9tqDw0Szh2itxi_TqdUA==
</PRE>
<ADDRESS>
</ADDRESS>
</BODY></HTML>
2025-10-12 19:45:08,455 - yfinance - ERROR - $ETH-USDT: possibly delisted; no price data found  (period=7d) (Yahoo error = "No data found, symbol may be delisted")
2025-10-12 19:45:08,455 - __main__ - ERROR - YFinance data error: No data from Yahoo Finance
2025-10-12 19:45:08,455 - __main__ - WARNING - YFinance fallback failed: No data from Yahoo Finance
2025-10-12 19:45:08,458 - __main__ - ERROR - Market data save error: Error binding parameter 3: type 'Timestamp' is not supported
2025-10-12 19:45:08,895 - __main__ - WARNING - Error fetching from bybit: bybit GET https://api-testnet.bybit.com/v5/asset/coin/query-info? 403 Forbidden <!DOCTYPE HTML PUBLIC "-//W3C//DTD HTML 4.01 Transitional//EN" "http://www.w3.org/TR/html4/loose.dtd">
<HTML><HEAD><META HTTP-EQUIV="Content-Type" CONTENT="text/html; charset=iso-8859-1">
<TITLE>ERROR: The request could not be satisfied</TITLE>
</HEAD><BODY>
<H1>403 ERROR</H1>
<H2>The request could not be satisfied.</H2>
<HR noshade size="1px">
The Amazon CloudFront distribution is configured to block access from your country.
We can't connect to the server for this app or website at this time. There might be too much traffic or a configuration error. Try again later, or contact the app or website owner.
<BR clear="all">
If you provide content to customers through CloudFront, you can find steps to troubleshoot and help prevent this error by reviewing the CloudFront documentation.
<BR clear="all">
<HR noshade size="1px">
<PRE>
Generated by cloudfront (CloudFront)
Request ID: rp-lhk86lTgVl2qI-3JUEfikR2Uk0K6P3WETWIfUKlNXe8XKrjZc-A==
</PRE>
<ADDRESS>
</ADDRESS>
</BODY></HTML>
2025-10-12 19:45:10,783 - yfinance - ERROR - $ETH-USDT: possibly delisted; no price data found  (period=7d) (Yahoo error = "No data found, symbol may be delisted")
2025-10-12 19:45:10,783 - __main__ - ERROR - YFinance data error: No data from Yahoo Finance
2025-10-12 19:45:10,783 - __main__ - WARNING - YFinance fallback failed: No data from Yahoo Finance
2025-10-12 19:45:10,786 - __main__ - ERROR - Market data save error: Error binding parameter 3: type 'Timestamp' is not supported
2025-10-12 19:45:10,796 - __main__ - WARNING - Error fetching from bybit: bybit GET https://api-testnet.bybit.com/v5/asset/coin/query-info? 403 Forbidden <!DOCTYPE HTML PUBLIC "-//W3C//DTD HTML 4.01 Transitional//EN" "http://www.w3.org/TR/html4/loose.dtd">
<HTML><HEAD><META HTTP-EQUIV="Content-Type" CONTENT="text/html; charset=iso-8859-1">
<TITLE>ERROR: The request could not be satisfied</TITLE>
</HEAD><BODY>
<H1>403 ERROR</H1>
<H2>The request could not be satisfied.</H2>
<HR noshade size="1px">
The Amazon CloudFront distribution is configured to block access from your country.
We can't connect to the server for this app or website at this time. There might be too much traffic or a configuration error. Try again later, or contact the app or website owner.
<BR clear="all">
If you provide content to customers through CloudFront, you can find steps to troubleshoot and help prevent this error by reviewing the CloudFront documentation.
<BR clear="all">
<HR noshade size="1px">
<PRE>
Generated by cloudfront (CloudFront)
Request ID: ZLnj_FiawrtHPCiHIyitLHuW8CotOESfEVix5IHgQN0msqDngHDAyw==
</PRE>
<ADDRESS>
</ADDRESS>
</BODY></HTML>
2025-10-12 19:45:12,570 - yfinance - ERROR - $ETH-USDT: possibly delisted; no price data found  (period=7d) (Yahoo error = "No data found, symbol may be delisted")
2025-10-12 19:45:12,570 - __main__ - ERROR - YFinance data error: No data from Yahoo Finance
2025-10-12 19:45:12,570 - __main__ - WARNING - YFinance fallback failed: No data from Yahoo Finance
2025-10-12 19:45:12,573 - __main__ - ERROR - Market data save error: Error binding parameter 3: type 'Timestamp' is not supported
2025-10-12 19:45:12,582 - __main__ - WARNING - Error fetching from bybit: bybit GET https://api-testnet.bybit.com/v5/asset/coin/query-info? 403 Forbidden <!DOCTYPE HTML PUBLIC "-//W3C//DTD HTML 4.01 Transitional//EN" "http://www.w3.org/TR/html4/loose.dtd">
<HTML><HEAD><META HTTP-EQUIV="Content-Type" CONTENT="text/html; charset=iso-8859-1">
<TITLE>ERROR: The request could not be satisfied</TITLE>
</HEAD><BODY>
<H1>403 ERROR</H1>
<H2>The request could not be satisfied.</H2>
<HR noshade size="1px">
The Amazon CloudFront distribution is configured to block access from your country.
We can't connect to the server for this app or website at this time. There might be too much traffic or a configuration error. Try again later, or contact the app or website owner.
<BR clear="all">
If you provide content to customers through CloudFront, you can find steps to troubleshoot and help prevent this error by reviewing the CloudFront documentation.
<BR clear="all">
<HR noshade size="1px">
<PRE>
Generated by cloudfront (CloudFront)
Request ID: 8XctuVWV3-_mjVIBUumOD7cKxHvqS9vjMLSFl36FvbYNaRvrMIc6jA==
</PRE>
<ADDRESS>
</ADDRESS>
</BODY></HTML>
2025-10-12 19:45:13,576 - yfinance - ERROR - $ETH-USDT: possibly delisted; no price data found  (period=7d) (Yahoo error = "No data found, symbol may be delisted")
2025-10-12 19:45:13,576 - __main__ - ERROR - YFinance data error: No data from Yahoo Finance
2025-10-12 19:45:13,576 - __main__ - WARNING - YFinance fallback failed: No data from Yahoo Finance
2025-10-12 19:45:13,578 - __main__ - ERROR - Market data save error: Error binding parameter 3: type 'Timestamp' is not supported
2025-10-12 19:45:13,587 - __main__ - WARNING - Error fetching from bybit: bybit GET https://api-testnet.bybit.com/v5/asset/coin/query-info? 403 Forbidden <!DOCTYPE HTML PUBLIC "-//W3C//DTD HTML 4.01 Transitional//EN" "http://www.w3.org/TR/html4/loose.dtd">
<HTML><HEAD><META HTTP-EQUIV="Content-Type" CONTENT="text/html; charset=iso-8859-1">
<TITLE>ERROR: The request could not be satisfied</TITLE>
</HEAD><BODY>
<H1>403 ERROR</H1>
<H2>The request could not be satisfied.</H2>
<HR noshade size="1px">
The Amazon CloudFront distribution is configured to block access from your country.
We can't connect to the server for this app or website at this time. There might be too much traffic or a configuration error. Try again later, or contact the app or website owner.
<BR clear="all">
If you provide content to customers through CloudFront, you can find steps to troubleshoot and help prevent this error by reviewing the CloudFront documentation.
<BR clear="all">
<HR noshade size="1px">
<PRE>
Generated by cloudfront (CloudFront)
Request ID: b6EHnZ7x0ZbgX-CMTaaMiWeTNSmH5sFcANcqZt4lF27-LuMER8aiMA==
</PRE>
<ADDRESS>
</ADDRESS>
</BODY></HTML>
2025-10-12 19:45:14,013 - yfinance - ERROR - $BNB-USDT: possibly delisted; no price data found  (period=7d) (Yahoo error = "No data found, symbol may be delisted")
2025-10-12 19:45:14,014 - __main__ - ERROR - YFinance data error: No data from Yahoo Finance
2025-10-12 19:45:14,014 - __main__ - WARNING - YFinance fallback failed: No data from Yahoo Finance
2025-10-12 19:45:14,017 - __main__ - ERROR - Market data save error: Error binding parameter 3: type 'Timestamp' is not supported
2025-10-12 19:45:14,146 - __main__ - WARNING - Error fetching from bybit: bybit GET https://api-testnet.bybit.com/v5/asset/coin/query-info? 403 Forbidden <!DOCTYPE HTML PUBLIC "-//W3C//DTD HTML 4.01 Transitional//EN" "http://www.w3.org/TR/html4/loose.dtd">
<HTML><HEAD><META HTTP-EQUIV="Content-Type" CONTENT="text/html; charset=iso-8859-1">
<TITLE>ERROR: The request could not be satisfied</TITLE>
</HEAD><BODY>
<H1>403 ERROR</H1>
<H2>The request could not be satisfied.</H2>
<HR noshade size="1px">
The Amazon CloudFront distribution is configured to block access from your country.
We can't connect to the server for this app or website at this time. There might be too much traffic or a configuration error. Try again later, or contact the app or website owner.
<BR clear="all">
If you provide content to customers through CloudFront, you can find steps to troubleshoot and help prevent this error by reviewing the CloudFront documentation.
<BR clear="all">
<HR noshade size="1px">
<PRE>
Generated by cloudfront (CloudFront)
Request ID: 4qM7pPxsxExBp7mysw2W376hLu4FdIxkbMKptRLFQvBhRYUyIGKWnw==
</PRE>
<ADDRESS>
</ADDRESS>
</BODY></HTML>
2025-10-12 19:45:14,772 - yfinance - ERROR - $BNB-USDT: possibly delisted; no price data found  (period=7d) (Yahoo error = "No data found, symbol may be delisted")
2025-10-12 19:45:14,772 - __main__ - ERROR - YFinance data error: No data from Yahoo Finance
2025-10-12 19:45:14,772 - __main__ - WARNING - YFinance fallback failed: No data from Yahoo Finance
2025-10-12 19:45:14,775 - __main__ - ERROR - Market data save error: Error binding parameter 3: type 'Timestamp' is not supported
2025-10-12 19:45:14,783 - __main__ - WARNING - Error fetching from bybit: bybit GET https://api-testnet.bybit.com/v5/asset/coin/query-info? 403 Forbidden <!DOCTYPE HTML PUBLIC "-//W3C//DTD HTML 4.01 Transitional//EN" "http://www.w3.org/TR/html4/loose.dtd">
<HTML><HEAD><META HTTP-EQUIV="Content-Type" CONTENT="text/html; charset=iso-8859-1">
<TITLE>ERROR: The request could not be satisfied</TITLE>
</HEAD><BODY>
<H1>403 ERROR</H1>
<H2>The request could not be satisfied.</H2>
<HR noshade size="1px">
The Amazon CloudFront distribution is configured to block access from your country.
We can't connect to the server for this app or website at this time. There might be too much traffic or a configuration error. Try again later, or contact the app or website owner.
<BR clear="all">
If you provide content to customers through CloudFront, you can find steps to troubleshoot and help prevent this error by reviewing the CloudFront documentation.
<BR clear="all">
<HR noshade size="1px">
<PRE>
Generated by cloudfront (CloudFront)
Request ID: s81_MEyOljCg8AR3KaHGui_HnVnIWHPSbTxOfyxl3rsPpnp5r_PObQ==
</PRE>
<ADDRESS>
</ADDRESS>
</BODY></HTML>
2025-10-12 19:45:15,041 - yfinance - ERROR - $BNB-USDT: possibly delisted; no price data found  (period=7d) (Yahoo error = "No data found, symbol may be delisted")
2025-10-12 19:45:15,041 - __main__ - ERROR - YFinance data error: No data from Yahoo Finance
2025-10-12 19:45:15,042 - __main__ - WARNING - YFinance fallback failed: No data from Yahoo Finance
2025-10-12 19:45:15,045 - __main__ - ERROR - Market data save error: Error binding parameter 3: type 'Timestamp' is not supported
2025-10-12 19:45:15,343 - __main__ - WARNING - Error fetching from bybit: bybit GET https://api-testnet.bybit.com/v5/asset/coin/query-info? 403 Forbidden <!DOCTYPE HTML PUBLIC "-//W3C//DTD HTML 4.01 Transitional//EN" "http://www.w3.org/TR/html4/loose.dtd">
<HTML><HEAD><META HTTP-EQUIV="Content-Type" CONTENT="text/html; charset=iso-8859-1">
<TITLE>ERROR: The request could not be satisfied</TITLE>
</HEAD><BODY>
<H1>403 ERROR</H1>
<H2>The request could not be satisfied.</H2>
<HR noshade size="1px">
The Amazon CloudFront distribution is configured to block access from your country.
We can't connect to the server for this app or website at this time. There might be too much traffic or a configuration error. Try again later, or contact the app or website owner.
<BR clear="all">
If you provide content to customers through CloudFront, you can find steps to troubleshoot and help prevent this error by reviewing the CloudFront documentation.
<BR clear="all">
<HR noshade size="1px">
<PRE>
Generated by cloudfront (CloudFront)
Request ID: yDknxnTfsbIVEcUyHSKAWZiBkTU-E1aFIWBZPrPea6_D3tdPWKIVFA==
</PRE>
<ADDRESS>
</ADDRESS>
</BODY></HTML>
2025-10-12 19:45:15,560 - yfinance - ERROR - $BNB-USDT: possibly delisted; no price data found  (period=7d) (Yahoo error = "No data found, symbol may be delisted")
2025-10-12 19:45:15,560 - __main__ - ERROR - YFinance data error: No data from Yahoo Finance
2025-10-12 19:45:15,561 - __main__ - WARNING - YFinance fallback failed: No data from Yahoo Finance
2025-10-12 19:45:15,563 - __main__ - ERROR - Market data save error: Error binding parameter 3: type 'Timestamp' is not supported
2025-10-12 19:45:15,904 - __main__ - WARNING - Error fetching from bybit: bybit GET https://api-testnet.bybit.com/v5/asset/coin/query-info? 403 Forbidden <!DOCTYPE HTML PUBLIC "-//W3C//DTD HTML 4.01 Transitional//EN" "http://www.w3.org/TR/html4/loose.dtd">
<HTML><HEAD><META HTTP-EQUIV="Content-Type" CONTENT="text/html; charset=iso-8859-1">
<TITLE>ERROR: The request could not be satisfied</TITLE>
</HEAD><BODY>
<H1>403 ERROR</H1>
<H2>The request could not be satisfied.</H2>
<HR noshade size="1px">
The Amazon CloudFront distribution is configured to block access from your country.
We can't connect to the server for this app or website at this time. There might be too much traffic or a configuration error. Try again later, or contact the app or website owner.
<BR clear="all">
If you provide content to customers through CloudFront, you can find steps to troubleshoot and help prevent this error by reviewing the CloudFront documentation.
<BR clear="all">
<HR noshade size="1px">
<PRE>
Generated by cloudfront (CloudFront)
Request ID: EfoQD1oQTcYa6YK-AoKRkJqKHZS1mYVDHcJURbfv628eHGz7zoa76Q==
</PRE>
<ADDRESS>
</ADDRESS>
</BODY></HTML>
2025-10-12 19:45:16,115 - yfinance - ERROR - $BNB-USDT: possibly delisted; no price data found  (period=7d) (Yahoo error = "No data found, symbol may be delisted")
2025-10-12 19:45:16,115 - __main__ - ERROR - YFinance data error: No data from Yahoo Finance
2025-10-12 19:45:16,115 - __main__ - WARNING - YFinance fallback failed: No data from Yahoo Finance
2025-10-12 19:45:16,118 - __main__ - ERROR - Market data save error: Error binding parameter 3: type 'Timestamp' is not supported
2025-10-12 19:45:16,463 - __main__ - WARNING - Error fetching from bybit: bybit GET https://api-testnet.bybit.com/v5/asset/coin/query-info? 403 Forbidden <!DOCTYPE HTML PUBLIC "-//W3C//DTD HTML 4.01 Transitional//EN" "http://www.w3.org/TR/html4/loose.dtd">
<HTML><HEAD><META HTTP-EQUIV="Content-Type" CONTENT="text/html; charset=iso-8859-1">
<TITLE>ERROR: The request could not be satisfied</TITLE>
</HEAD><BODY>
<H1>403 ERROR</H1>
<H2>The request could not be satisfied.</H2>
<HR noshade size="1px">
The Amazon CloudFront distribution is configured to block access from your country.
We can't connect to the server for this app or website at this time. There might be too much traffic or a configuration error. Try again later, or contact the app or website owner.
<BR clear="all">
If you provide content to customers through CloudFront, you can find steps to troubleshoot and help prevent this error by reviewing the CloudFront documentation.
<BR clear="all">
<HR noshade size="1px">
<PRE>
Generated by cloudfront (CloudFront)
Request ID: 0QTfDpwBGb3jPIwEtgaBc65cl1XvvTBCiXLDyqlVgAJcnUc60CUl7Q==
</PRE>
<ADDRESS>
</ADDRESS>
</BODY></HTML>
2025-10-12 19:45:16,631 - yfinance - ERROR - $BNB-USDT: possibly delisted; no price data found  (period=7d) (Yahoo error = "No data found, symbol may be delisted")
2025-10-12 19:45:16,631 - __main__ - ERROR - YFinance data error: No data from Yahoo Finance
2025-10-12 19:45:16,631 - __main__ - WARNING - YFinance fallback failed: No data from Yahoo Finance
2025-10-12 19:45:16,633 - __main__ - ERROR - Market data save error: Error binding parameter 3: type 'Timestamp' is not supported
2025-10-12 19:45:17,023 - __main__ - WARNING - Error fetching from bybit: bybit GET https://api-testnet.bybit.com/v5/asset/coin/query-info? 403 Forbidden <!DOCTYPE HTML PUBLIC "-//W3C//DTD HTML 4.01 Transitional//EN" "http://www.w3.org/TR/html4/loose.dtd">
<HTML><HEAD><META HTTP-EQUIV="Content-Type" CONTENT="text/html; charset=iso-8859-1">
<TITLE>ERROR: The request could not be satisfied</TITLE>
</HEAD><BODY>
<H1>403 ERROR</H1>
<H2>The request could not be satisfied.</H2>
<HR noshade size="1px">
The Amazon CloudFront distribution is configured to block access from your country.
We can't connect to the server for this app or website at this time. There might be too much traffic or a configuration error. Try again later, or contact the app or website owner.
<BR clear="all">
If you provide content to customers through CloudFront, you can find steps to troubleshoot and help prevent this error by reviewing the CloudFront documentation.
<BR clear="all">
<HR noshade size="1px">
<PRE>
Generated by cloudfront (CloudFront)
Request ID: Gj97eAqCxemfXaRUcy9y7y5czgVzDZWsjvAkpDQvoRaRHvl5oSf0qg==
</PRE>
<ADDRESS>
</ADDRESS>
</BODY></HTML>
2025-10-12 19:45:17,616 - yfinance - ERROR - $ADA-USDT: possibly delisted; no price data found  (period=7d) (Yahoo error = "No data found, symbol may be delisted")
2025-10-12 19:45:17,616 - __main__ - ERROR - YFinance data error: No data from Yahoo Finance
2025-10-12 19:45:17,616 - __main__ - WARNING - YFinance fallback failed: No data from Yahoo Finance
2025-10-12 19:45:17,619 - __main__ - ERROR - Market data save error: Error binding parameter 3: type 'Timestamp' is not supported
2025-10-12 19:45:17,629 - __main__ - WARNING - Error fetching from bybit: bybit GET https://api-testnet.bybit.com/v5/asset/coin/query-info? 403 Forbidden <!DOCTYPE HTML PUBLIC "-//W3C//DTD HTML 4.01 Transitional//EN" "http://www.w3.org/TR/html4/loose.dtd">
<HTML><HEAD><META HTTP-EQUIV="Content-Type" CONTENT="text/html; charset=iso-8859-1">
<TITLE>ERROR: The request could not be satisfied</TITLE>
</HEAD><BODY>
<H1>403 ERROR</H1>
<H2>The request could not be satisfied.</H2>
<HR noshade size="1px">
The Amazon CloudFront distribution is configured to block access from your country.
We can't connect to the server for this app or website at this time. There might be too much traffic or a configuration error. Try again later, or contact the app or website owner.
<BR clear="all">
If you provide content to customers through CloudFront, you can find steps to troubleshoot and help prevent this error by reviewing the CloudFront documentation.
<BR clear="all">
<HR noshade size="1px">
<PRE>
Generated by cloudfront (CloudFront)
Request ID: GW2lBvQpT7P5yxvu_fKgOvEKqbPZw8vmwJwDb31sWGbjXvrIHmL83w==
</PRE>
<ADDRESS>
</ADDRESS>
</BODY></HTML>
2025-10-12 19:45:17,817 - yfinance - ERROR - $ADA-USDT: possibly delisted; no price data found  (period=7d) (Yahoo error = "No data found, symbol may be delisted")
2025-10-12 19:45:17,817 - __main__ - ERROR - YFinance data error: No data from Yahoo Finance
2025-10-12 19:45:17,817 - __main__ - WARNING - YFinance fallback failed: No data from Yahoo Finance
2025-10-12 19:45:17,820 - __main__ - ERROR - Market data save error: Error binding parameter 3: type 'Timestamp' is not supported
2025-10-12 19:45:18,188 - __main__ - WARNING - Error fetching from bybit: bybit GET https://api-testnet.bybit.com/v5/asset/coin/query-info? 403 Forbidden <!DOCTYPE HTML PUBLIC "-//W3C//DTD HTML 4.01 Transitional//EN" "http://www.w3.org/TR/html4/loose.dtd">
<HTML><HEAD><META HTTP-EQUIV="Content-Type" CONTENT="text/html; charset=iso-8859-1">
<TITLE>ERROR: The request could not be satisfied</TITLE>
</HEAD><BODY>
<H1>403 ERROR</H1>
<H2>The request could not be satisfied.</H2>
<HR noshade size="1px">
The Amazon CloudFront distribution is configured to block access from your country.
We can't connect to the server for this app or website at this time. There might be too much traffic or a configuration error. Try again later, or contact the app or website owner.
<BR clear="all">
If you provide content to customers through CloudFront, you can find steps to troubleshoot and help prevent this error by reviewing the CloudFront documentation.
<BR clear="all">
<HR noshade size="1px">
<PRE>
Generated by cloudfront (CloudFront)
Request ID: sCvRvOGEbUHoxiWA_b3GpOZX2sVA7tYbn-Hnml0KiyndnFg5JVnV4Q==
</PRE>
<ADDRESS>
</ADDRESS>
</BODY></HTML>
2025-10-12 19:45:18,407 - yfinance - ERROR - $ADA-USDT: possibly delisted; no price data found  (period=7d) (Yahoo error = "No data found, symbol may be delisted")
2025-10-12 19:45:18,407 - __main__ - ERROR - YFinance data error: No data from Yahoo Finance
2025-10-12 19:45:18,407 - __main__ - WARNING - YFinance fallback failed: No data from Yahoo Finance
2025-10-12 19:45:18,410 - __main__ - ERROR - Market data save error: Error binding parameter 3: type 'Timestamp' is not supported
2025-10-12 19:45:18,747 - __main__ - WARNING - Error fetching from bybit: bybit GET https://api-testnet.bybit.com/v5/asset/coin/query-info? 403 Forbidden <!DOCTYPE HTML PUBLIC "-//W3C//DTD HTML 4.01 Transitional//EN" "http://www.w3.org/TR/html4/loose.dtd">
<HTML><HEAD><META HTTP-EQUIV="Content-Type" CONTENT="text/html; charset=iso-8859-1">
<TITLE>ERROR: The request could not be satisfied</TITLE>
</HEAD><BODY>
<H1>403 ERROR</H1>
<H2>The request could not be satisfied.</H2>
<HR noshade size="1px">
The Amazon CloudFront distribution is configured to block access from your country.
We can't connect to the server for this app or website at this time. There might be too much traffic or a configuration error. Try again later, or contact the app or website owner.
<BR clear="all">
If you provide content to customers through CloudFront, you can find steps to troubleshoot and help prevent this error by reviewing the CloudFront documentation.
<BR clear="all">
<HR noshade size="1px">
<PRE>
Generated by cloudfront (CloudFront)
Request ID: ooXgq4gCutMa9qHTBYPAaVc95u5X_Ou9EmBh1ftfxftmv_tfuCVyrA==
</PRE>
<ADDRESS>
</ADDRESS>
</BODY></HTML>
2025-10-12 19:45:19,017 - yfinance - ERROR - $ADA-USDT: possibly delisted; no price data found  (period=7d) (Yahoo error = "No data found, symbol may be delisted")
2025-10-12 19:45:19,018 - __main__ - ERROR - YFinance data error: No data from Yahoo Finance
2025-10-12 19:45:19,018 - __main__ - WARNING - YFinance fallback failed: No data from Yahoo Finance
2025-10-12 19:45:19,020 - __main__ - ERROR - Market data save error: Error binding parameter 3: type 'Timestamp' is not supported
2025-10-12 19:45:19,308 - __main__ - WARNING - Error fetching from bybit: bybit GET https://api-testnet.bybit.com/v5/asset/coin/query-info? 403 Forbidden <!DOCTYPE HTML PUBLIC "-//W3C//DTD HTML 4.01 Transitional//EN" "http://www.w3.org/TR/html4/loose.dtd">
<HTML><HEAD><META HTTP-EQUIV="Content-Type" CONTENT="text/html; charset=iso-8859-1">
<TITLE>ERROR: The request could not be satisfied</TITLE>
</HEAD><BODY>
<H1>403 ERROR</H1>
<H2>The request could not be satisfied.</H2>
<HR noshade size="1px">
The Amazon CloudFront distribution is configured to block access from your country.
We can't connect to the server for this app or website at this time. There might be too much traffic or a configuration error. Try again later, or contact the app or website owner.
<BR clear="all">
If you provide content to customers through CloudFront, you can find steps to troubleshoot and help prevent this error by reviewing the CloudFront documentation.
<BR clear="all">
<HR noshade size="1px">
<PRE>
Generated by cloudfront (CloudFront)
Request ID: 7htEMoS8aW_15EjZlORFY_6z_fucf-7Z6lr4RZMrrAsZspZmxtTVIA==
</PRE>
<ADDRESS>
</ADDRESS>
</BODY></HTML>
2025-10-12 19:45:19,429 - yfinance - ERROR - $ADA-USDT: possibly delisted; no price data found  (period=7d) (Yahoo error = "No data found, symbol may be delisted")
2025-10-12 19:45:19,429 - __main__ - ERROR - YFinance data error: No data from Yahoo Finance
2025-10-12 19:45:19,429 - __main__ - WARNING - YFinance fallback failed: No data from Yahoo Finance
2025-10-12 19:45:19,432 - __main__ - ERROR - Market data save error: Error binding parameter 3: type 'Timestamp' is not supported
2025-10-12 19:45:19,868 - __main__ - WARNING - Error fetching from bybit: bybit GET https://api-testnet.bybit.com/v5/asset/coin/query-info? 403 Forbidden <!DOCTYPE HTML PUBLIC "-//W3C//DTD HTML 4.01 Transitional//EN" "http://www.w3.org/TR/html4/loose.dtd">
<HTML><HEAD><META HTTP-EQUIV="Content-Type" CONTENT="text/html; charset=iso-8859-1">
<TITLE>ERROR: The request could not be satisfied</TITLE>
</HEAD><BODY>
<H1>403 ERROR</H1>
<H2>The request could not be satisfied.</H2>
<HR noshade size="1px">
The Amazon CloudFront distribution is configured to block access from your country.
We can't connect to the server for this app or website at this time. There might be too much traffic or a configuration error. Try again later, or contact the app or website owner.
<BR clear="all">
If you provide content to customers through CloudFront, you can find steps to troubleshoot and help prevent this error by reviewing the CloudFront documentation.
<BR clear="all">
<HR noshade size="1px">
<PRE>
Generated by cloudfront (CloudFront)
Request ID: pyAKo7aS22Mb22kcgcCjgosleENJcTlansTqaJ14c8jYucAhGqM_7w==
</PRE>
<ADDRESS>
</ADDRESS>
</BODY></HTML>
2025-10-12 19:45:20,013 - yfinance - ERROR - $ADA-USDT: possibly delisted; no price data found  (period=7d) (Yahoo error = "No data found, symbol may be delisted")
2025-10-12 19:45:20,013 - __main__ - ERROR - YFinance data error: No data from Yahoo Finance
2025-10-12 19:45:20,013 - __main__ - WARNING - YFinance fallback failed: No data from Yahoo Finance
2025-10-12 19:45:20,016 - __main__ - ERROR - Market data save error: Error binding parameter 3: type 'Timestamp' is not supported
2025-10-12 19:45:20,428 - __main__ - WARNING - Error fetching from bybit: bybit GET https://api-testnet.bybit.com/v5/asset/coin/query-info? 403 Forbidden <!DOCTYPE HTML PUBLIC "-//W3C//DTD HTML 4.01 Transitional//EN" "http://www.w3.org/TR/html4/loose.dtd">
<HTML><HEAD><META HTTP-EQUIV="Content-Type" CONTENT="text/html; charset=iso-8859-1">
<TITLE>ERROR: The request could not be satisfied</TITLE>
</HEAD><BODY>
<H1>403 ERROR</H1>
<H2>The request could not be satisfied.</H2>
<HR noshade size="1px">
The Amazon CloudFront distribution is configured to block access from your country.
We can't connect to the server for this app or website at this time. There might be too much traffic or a configuration error. Try again later, or contact the app or website owner.
<BR clear="all">
If you provide content to customers through CloudFront, you can find steps to troubleshoot and help prevent this error by reviewing the CloudFront documentation.
<BR clear="all">
<HR noshade size="1px">
<PRE>
Generated by cloudfront (CloudFront)
Request ID: kCEw-oiNkrQnNDHgSrsC3CykG_Weffq9vaDDoeYhM79xJoLCIU-rzw==
</PRE>
<ADDRESS>
</ADDRESS>
</BODY></HTML>
2025-10-12 19:45:21,109 - yfinance - ERROR - $SOL-USDT: possibly delisted; no price data found  (period=7d) (Yahoo error = "No data found, symbol may be delisted")
2025-10-12 19:45:21,109 - __main__ - ERROR - YFinance data error: No data from Yahoo Finance
2025-10-12 19:45:21,109 - __main__ - WARNING - YFinance fallback failed: No data from Yahoo Finance
2025-10-12 19:45:21,112 - __main__ - ERROR - Market data save error: Error binding parameter 3: type 'Timestamp' is not supported
2025-10-12 19:45:21,121 - __main__ - WARNING - Error fetching from bybit: bybit GET https://api-testnet.bybit.com/v5/asset/coin/query-info? 403 Forbidden <!DOCTYPE HTML PUBLIC "-//W3C//DTD HTML 4.01 Transitional//EN" "http://www.w3.org/TR/html4/loose.dtd">
<HTML><HEAD><META HTTP-EQUIV="Content-Type" CONTENT="text/html; charset=iso-8859-1">
<TITLE>ERROR: The request could not be satisfied</TITLE>
</HEAD><BODY>
<H1>403 ERROR</H1>
<H2>The request could not be satisfied.</H2>
<HR noshade size="1px">
The Amazon CloudFront distribution is configured to block access from your country.
We can't connect to the server for this app or website at this time. There might be too much traffic or a configuration error. Try again later, or contact the app or website owner.
<BR clear="all">
If you provide content to customers through CloudFront, you can find steps to troubleshoot and help prevent this error by reviewing the CloudFront documentation.
<BR clear="all">
<HR noshade size="1px">
<PRE>
Generated by cloudfront (CloudFront)
Request ID: h1vvcauugMOFq8GfyFX9noxfCwd-cdg8m0zX83Ns1eIvOD7975RXZg==
</PRE>
<ADDRESS>
</ADDRESS>
</BODY></HTML>
2025-10-12 19:45:21,492 - yfinance - ERROR - $SOL-USDT: possibly delisted; no price data found  (period=7d) (Yahoo error = "No data found, symbol may be delisted")
2025-10-12 19:45:21,492 - __main__ - ERROR - YFinance data error: No data from Yahoo Finance
2025-10-12 19:45:21,492 - __main__ - WARNING - YFinance fallback failed: No data from Yahoo Finance
2025-10-12 19:45:21,495 - __main__ - ERROR - Market data save error: Error binding parameter 3: type 'Timestamp' is not supported
2025-10-12 19:45:21,681 - __main__ - WARNING - Error fetching from bybit: bybit GET https://api-testnet.bybit.com/v5/asset/coin/query-info? 403 Forbidden <!DOCTYPE HTML PUBLIC "-//W3C//DTD HTML 4.01 Transitional//EN" "http://www.w3.org/TR/html4/loose.dtd">
<HTML><HEAD><META HTTP-EQUIV="Content-Type" CONTENT="text/html; charset=iso-8859-1">
<TITLE>ERROR: The request could not be satisfied</TITLE>
</HEAD><BODY>
<H1>403 ERROR</H1>
<H2>The request could not be satisfied.</H2>
<HR noshade size="1px">
The Amazon CloudFront distribution is configured to block access from your country.
We can't connect to the server for this app or website at this time. There might be too much traffic or a configuration error. Try again later, or contact the app or website owner.
<BR clear="all">
If you provide content to customers through CloudFront, you can find steps to troubleshoot and help prevent this error by reviewing the CloudFront documentation.
<BR clear="all">
<HR noshade size="1px">
<PRE>
Generated by cloudfront (CloudFront)
Request ID: f38gBfLk1bCfm_HRUBoAYpf-9aJN4LKugJ0A16pXDXod4epPq_PhdA==
</PRE>
<ADDRESS>
</ADDRESS>
</BODY></HTML>
2025-10-12 19:45:21,877 - yfinance - ERROR - $SOL-USDT: possibly delisted; no price data found  (period=7d) (Yahoo error = "No data found, symbol may be delisted")
2025-10-12 19:45:21,877 - __main__ - ERROR - YFinance data error: No data from Yahoo Finance
2025-10-12 19:45:21,877 - __main__ - WARNING - YFinance fallback failed: No data from Yahoo Finance
2025-10-12 19:45:21,880 - __main__ - ERROR - Market data save error: Error binding parameter 3: type 'Timestamp' is not supported
2025-10-12 19:45:22,242 - __main__ - WARNING - Error fetching from bybit: bybit GET https://api-testnet.bybit.com/v5/asset/coin/query-info? 403 Forbidden <!DOCTYPE HTML PUBLIC "-//W3C//DTD HTML 4.01 Transitional//EN" "http://www.w3.org/TR/html4/loose.dtd">
<HTML><HEAD><META HTTP-EQUIV="Content-Type" CONTENT="text/html; charset=iso-8859-1">
<TITLE>ERROR: The request could not be satisfied</TITLE>
</HEAD><BODY>
<H1>403 ERROR</H1>
<H2>The request could not be satisfied.</H2>
<HR noshade size="1px">
The Amazon CloudFront distribution is configured to block access from your country.
We can't connect to the server for this app or website at this time. There might be too much traffic or a configuration error. Try again later, or contact the app or website owner.
<BR clear="all">
If you provide content to customers through CloudFront, you can find steps to troubleshoot and help prevent this error by reviewing the CloudFront documentation.
<BR clear="all">
<HR noshade size="1px">
<PRE>
Generated by cloudfront (CloudFront)
Request ID: R5GcJk0Mcw2d3CmbCxAcjUeve7rqmk6Tzi-bSVUFk76N5N7-k4pcQg==
</PRE>
<ADDRESS>
</ADDRESS>
</BODY></HTML>
2025-10-12 19:45:22,357 - yfinance - ERROR - $SOL-USDT: possibly delisted; no price data found  (period=7d) (Yahoo error = "No data found, symbol may be delisted")
2025-10-12 19:45:22,357 - __main__ - ERROR - YFinance data error: No data from Yahoo Finance
2025-10-12 19:45:22,357 - __main__ - WARNING - YFinance fallback failed: No data from Yahoo Finance
2025-10-12 19:45:22,360 - __main__ - ERROR - Market data save error: Error binding parameter 3: type 'Timestamp' is not supported
2025-10-12 19:45:22,564 - __main__ - INFO - 🛑 Received shutdown signal
2025-10-12 19:45:22,565 - __main__ - INFO - 🛑 Stopping Nobel Complete System...
2025-10-12 19:45:22,565 - __main__ - INFO - ✅ Nobel Complete System stopped
2025-10-12 19:45:22,657 - asyncio - ERROR - Task exception was never retrieved
future: <Task finished name='Task-2' coro=<NobelCompleteSystem.data_collection_loop() done, defined at /workspace/nobel_complete_system.py:831> exception=SystemExit(0)>
Traceback (most recent call last):
  File "/workspace/nobel_complete_system.py", line 1769, in <module>
    asyncio.run(main())
    ~~~~~~~~~~~^^^^^^^^
  File "/usr/lib/python3.13/asyncio/runners.py", line 195, in run
    return runner.run(main)
           ~~~~~~~~~~^^^^^^
  File "/usr/lib/python3.13/asyncio/runners.py", line 118, in run
    return self._loop.run_until_complete(task)
           ~~~~~~~~~~~~~~~~~~~~~~~~~~~~~^^^^^^
  File "/usr/lib/python3.13/asyncio/base_events.py", line 706, in run_until_complete
    self.run_forever()
    ~~~~~~~~~~~~~~~~^^
  File "/usr/lib/python3.13/asyncio/base_events.py", line 677, in run_forever
    self._run_once()
    ~~~~~~~~~~~~~~^^
  File "/usr/lib/python3.13/asyncio/base_events.py", line 2034, in _run_once
    handle._run()
    ~~~~~~~~~~~^^
  File "/usr/lib/python3.13/asyncio/events.py", line 89, in _run
    self._context.run(self._callback, *self._args)
    ~~~~~~~~~~~~~~~~~^^^^^^^^^^^^^^^^^^^^^^^^^^^^^
  File "/workspace/nobel_complete_system.py", line 835, in data_collection_loop
    await self.collect_market_data()
  File "/workspace/nobel_complete_system.py", line 894, in collect_market_data
    market_data = await self.data_provider.get_market_data(symbol, timeframe, 100)
                  ^^^^^^^^^^^^^^^^^^^^^^^^^^^^^^^^^^^^^^^^^^^^^^^^^^^^^^^^^^^^^^^^
  File "/workspace/nobel_complete_system.py", line 197, in get_market_data
    ohlcv = exchange.fetch_ohlcv(symbol, timeframe, limit=limit)
  File "/home/ubuntu/.local/lib/python3.13/site-packages/ccxt/bybit.py", line 2521, in fetch_ohlcv
    self.load_markets()
    ~~~~~~~~~~~~~~~~~^^
  File "/home/ubuntu/.local/lib/python3.13/site-packages/ccxt/base/exchange.py", line 1567, in load_markets
    currencies = self.fetch_currencies()
  File "/home/ubuntu/.local/lib/python3.13/site-packages/ccxt/bybit.py", line 1605, in fetch_currencies
    response = self.privateGetV5AssetCoinQueryInfo(params)
  File "/home/ubuntu/.local/lib/python3.13/site-packages/ccxt/base/types.py", line 35, in unbound_method
    return _self.request(self.path, self.api, self.method, params, config=self.config)
           ~~~~~~~~~~~~~^^^^^^^^^^^^^^^^^^^^^^^^^^^^^^^^^^^^^^^^^^^^^^^^^^^^^^^^^^^^^^
  File "/home/ubuntu/.local/lib/python3.13/site-packages/ccxt/base/exchange.py", line 4716, in request
    return self.fetch2(path, api, method, params, headers, body, config)
           ~~~~~~~~~~~^^^^^^^^^^^^^^^^^^^^^^^^^^^^^^^^^^^^^^^^^^^^^^^^^^
  File "/home/ubuntu/.local/lib/python3.13/site-packages/ccxt/base/exchange.py", line 4689, in fetch2
    self.throttle(cost)
    ~~~~~~~~~~~~~^^^^^^
  File "/home/ubuntu/.local/lib/python3.13/site-packages/ccxt/base/exchange.py", line 468, in throttle
    time.sleep(delay / 1000.0)
    ~~~~~~~~~~^^^^^^^^^^^^^^^^
  File "/workspace/nobel_complete_system.py", line 1763, in signal_handler
    sys.exit(0)
    ~~~~~~~~^^^
SystemExit: 0
