============================= test session starts =============================
platform win32 -- Python 3.13.5, pytest-8.4.1, pluggy-1.6.0 -- C:\Users\User\Downloads\LeanTrader_ForexPack\.venv\Scripts\python.exe
cachedir: .pytest_cache
rootdir: C:\Users\User\Downloads\LeanTrader_ForexPack
configfile: pytest.ini
testpaths: tests
plugins: anyio-4.10.0
collecting ... collected 9 items

tests/test_router_limits.py::test_live_order_usd_cap PASSED              [ 11%]
tests/test_router_limits.py::test_max_order_size_enforced PASSED         [ 22%]
tests/test_router_safety.py::test_paper_mode_is_dry_run PASSED           [ 33%]
tests/test_router_safety.py::test_live_requires_allow_and_confirm PASSED [ 44%]
tests/test_safe_helpers.py::test_safe_create_order_market PASSED         [ 55%]
tests/test_safe_helpers.py::test_exchange_router_paper_mode_fetch_and_order PASSED [ 66%]
tests/test_safe_helpers.py::test_tg_notifier_mocked PASSED               [ 77%]
tests/test_safe_helpers.py::test_fetch_ohlcv_synthetic_fallback PASSED   [ 88%]
tests/test_safe_helpers.py::test_place_oco_with_paper_broker PASSED      [100%]

============================== 9 passed in 1.87s ==============================
