Traceback (most recent call last):
  File "/opt/ultra/tools/run_bot_daemon.py", line 14, in <module>
    def guess_usdt_balance(bal: Dict[str, Any]) -> float:
                                ^^^^
NameError: name 'Dict' is not defined. Did you mean: 'dict'?
[daemon] starting: prev_balance_estimate=0.0 USD, daily_loss=0.0 USD
/opt/ultra/tools/run_bot_daemon.py:113: DeprecationWarning: datetime.datetime.utcnow() is deprecated and scheduled for removal in a future version. Use timezone-aware objects to represent datetimes in UTC: datetime.datetime.now(datetime.UTC).
  ts = datetime.datetime.utcnow().isoformat()
[daemon] no loss this run (delta=0.000000)
[daemon] no loss this run (delta=0.000000)
[daemon] no loss this run (delta=0.000000)
[daemon] no loss this run (delta=0.000000)
[daemon] no loss this run (delta=0.000000)
[daemon] no loss this run (delta=0.000000)
[daemon] no loss this run (delta=0.000000)
[daemon] no loss this run (delta=0.000000)
[daemon] no loss this run (delta=0.000000)
[daemon] no loss this run (delta=0.000000)
[daemon] no loss this run (delta=0.000000)
[daemon] no loss this run (delta=0.000000)
[daemon] no loss this run (delta=0.000000)
[daemon] no loss this run (delta=0.000000)
[daemon] no loss this run (delta=0.000000)
[daemon] no loss this run (delta=0.000000)
[daemon] no loss this run (delta=0.000000)
[daemon] no loss this run (delta=0.000000)
[daemon] no loss this run (delta=0.000000)
[daemon] no loss this run (delta=0.000000)
[daemon] starting: prev_balance_estimate=0.0 USD, daily_loss=0.0 USD
/opt/ultra/tools/run_bot_daemon.py:113: DeprecationWarning: datetime.datetime.utcnow() is deprecated and scheduled for removal in a future version. Use timezone-aware objects to represent datetimes in UTC: datetime.datetime.now(datetime.UTC).
  ts = datetime.datetime.utcnow().isoformat()
[daemon] no loss this run (delta=0.000000)
[daemon] no loss this run (delta=0.000000)
[daemon] no loss this run (delta=0.000000)
[daemon] no loss this run (delta=0.000000)
[daemon] no loss this run (delta=0.000000)
[daemon] no loss this run (delta=0.000000)
[daemon] no loss this run (delta=0.000000)
[daemon] no loss this run (delta=0.000000)
[daemon] no loss this run (delta=0.000000)
[daemon] no loss this run (delta=0.000000)
[daemon] no loss this run (delta=0.000000)
[daemon] no loss this run (delta=0.000000)
[daemon] starting: prev_balance_estimate=0.0 USD, daily_loss=0.0 USD
/opt/ultra/tools/run_bot_daemon.py:113: DeprecationWarning: datetime.datetime.utcnow() is deprecated and scheduled for removal in a future version. Use timezone-aware objects to represent datetimes in UTC: datetime.datetime.now(datetime.UTC).
  ts = datetime.datetime.utcnow().isoformat()
[daemon] no loss this run (delta=0.000000)
[daemon] no loss this run (delta=0.000000)
[daemon] no loss this run (delta=0.000000)
[daemon] no loss this run (delta=0.000000)
[daemon] no loss this run (delta=0.000000)
[daemon] no loss this run (delta=0.000000)
[daemon] no loss this run (delta=0.000000)
[daemon] no loss this run (delta=0.000000)
[daemon] no loss this run (delta=0.000000)
[daemon] no loss this run (delta=0.000000)
[daemon] no loss this run (delta=0.000000)
[daemon] starting: prev_balance_estimate=0.0 USD, daily_loss=0.0 USD
/opt/ultra/tools/run_bot_daemon.py:113: DeprecationWarning: datetime.datetime.utcnow() is deprecated and scheduled for removal in a future version. Use timezone-aware objects to represent datetimes in UTC: datetime.datetime.now(datetime.UTC).
  ts = datetime.datetime.utcnow().isoformat()
[daemon] no loss this run (delta=0.000000)
[daemon] no loss this run (delta=0.000000)
[daemon] starting: prev_balance_estimate=0.0 USD, daily_loss=0.0 USD
/opt/ultra/tools/run_bot_daemon.py:113: DeprecationWarning: datetime.datetime.utcnow() is deprecated and scheduled for removal in a future version. Use timezone-aware objects to represent datetimes in UTC: datetime.datetime.now(datetime.UTC).
  ts = datetime.datetime.utcnow().isoformat()
[daemon] no loss this run (delta=0.000000)
[daemon] no loss this run (delta=0.000000)
[daemon] no loss this run (delta=0.000000)
[daemon] no loss this run (delta=0.000000)
[daemon] starting: prev_balance_estimate=0.0 USD, daily_loss=0.0 USD
/opt/ultra/tools/run_bot_daemon.py:114: DeprecationWarning: datetime.datetime.utcnow() is deprecated and scheduled for removal in a future version. Use timezone-aware objects to represent datetimes in UTC: datetime.datetime.now(datetime.UTC).
  ts = datetime.datetime.utcnow().isoformat()
[daemon] no loss this run (delta=0.000000)
[daemon] no loss this run (delta=0.000000)
[daemon] no loss this run (delta=0.000000)
[daemon] starting: prev_balance_estimate=0.0 USD, daily_loss=0.0 USD
/opt/ultra/tools/run_bot_daemon.py:114: DeprecationWarning: datetime.datetime.utcnow() is deprecated and scheduled for removal in a future version. Use timezone-aware objects to represent datetimes in UTC: datetime.datetime.now(datetime.UTC).
  ts = datetime.datetime.utcnow().isoformat()
[daemon] no loss this run (delta=0.000000)
[daemon] no loss this run (delta=0.000000)
[daemon] no loss this run (delta=0.000000)
[daemon] no loss this run (delta=0.000000)
[daemon] no loss this run (delta=0.000000)
[daemon] no loss this run (delta=0.000000)
[daemon] no loss this run (delta=0.000000)
[daemon] no loss this run (delta=0.000000)
[daemon] no loss this run (delta=0.000000)
[daemon] starting: prev_balance_estimate=0.0 USD, daily_loss=0.0 USD
/opt/ultra/tools/run_bot_daemon.py:114: DeprecationWarning: datetime.datetime.utcnow() is deprecated and scheduled for removal in a future version. Use timezone-aware objects to represent datetimes in UTC: datetime.datetime.now(datetime.UTC).
  ts = datetime.datetime.utcnow().isoformat()
[daemon] no loss this run (delta=0.000000)
[daemon] no loss this run (delta=0.000000)
[daemon] no loss this run (delta=0.000000)
[daemon] no loss this run (delta=0.000000)
[daemon] no loss this run (delta=0.000000)
[daemon] no loss this run (delta=0.000000)
[daemon] no loss this run (delta=0.000000)
[daemon] starting: prev_balance_estimate=0.0 USD, daily_loss=0.0 USD
/opt/ultra/tools/run_bot_daemon.py:114: DeprecationWarning: datetime.datetime.utcnow() is deprecated and scheduled for removal in a future version. Use timezone-aware objects to represent datetimes in UTC: datetime.datetime.now(datetime.UTC).
  ts = datetime.datetime.utcnow().isoformat()
[daemon] no loss this run (delta=0.000000)
[daemon] no loss this run (delta=0.000000)
[daemon] no loss this run (delta=0.000000)
[daemon] no loss this run (delta=0.000000)
[daemon] no loss this run (delta=0.000000)
[daemon] no loss this run (delta=0.000000)
[daemon] no loss this run (delta=0.000000)
[daemon] no loss this run (delta=0.000000)
[daemon] no loss this run (delta=0.000000)
[daemon] no loss this run (delta=0.000000)
[daemon] no loss this run (delta=0.000000)
[daemon] no loss this run (delta=0.000000)
[daemon] no loss this run (delta=0.000000)
[daemon] no loss this run (delta=0.000000)
[daemon] no loss this run (delta=0.000000)
[daemon] no loss this run (delta=0.000000)
[daemon] no loss this run (delta=0.000000)
[daemon] no loss this run (delta=0.000000)
[daemon] no loss this run (delta=0.000000)
[daemon] no loss this run (delta=0.000000)
[daemon] no loss this run (delta=0.000000)
[daemon] no loss this run (delta=0.000000)
[daemon] no loss this run (delta=0.000000)
[daemon] no loss this run (delta=0.000000)
[daemon] no loss this run (delta=0.000000)
[daemon] no loss this run (delta=0.000000)
[daemon] no loss this run (delta=0.000000)
[daemon] no loss this run (delta=0.000000)
[daemon] no loss this run (delta=0.000000)
[daemon] no loss this run (delta=0.000000)
[daemon] no loss this run (delta=0.000000)
[daemon] no loss this run (delta=0.000000)
[daemon] no loss this run (delta=0.000000)
[daemon] no loss this run (delta=0.000000)
